Component: ARM Compiler 5.06 (build 20) Tool: armlink [4d35a3]

==============================================================================

Section Cross References

    startup_stm32f40xx.o(RESET) refers to startup_stm32f40xx.o(STACK) for __initial_sp
    startup_stm32f40xx.o(RESET) refers to startup_stm32f40xx.o(.text) for Reset_Handler
    startup_stm32f40xx.o(RESET) refers to stm32f4xx_it.o(i.EXTI9_5_IRQHandler) for EXTI9_5_IRQHandler
    startup_stm32f40xx.o(RESET) refers to stm32f4xx_it.o(i.TIM2_IRQHandler) for TIM2_IRQHandler
    startup_stm32f40xx.o(RESET) refers to stm32f4xx_it.o(i.USART1_IRQHandler) for USART1_IRQHandler
    startup_stm32f40xx.o(RESET) refers to stm32f4xx_it.o(i.USART2_IRQHandler) for USART2_IRQHandler
    startup_stm32f40xx.o(RESET) refers to stm32f4xx_it.o(i.UART4_IRQHandler) for UART4_IRQHandler
    startup_stm32f40xx.o(.text) refers to system_stm32f4xx.o(i.SystemInit) for SystemInit
    startup_stm32f40xx.o(.text) refers to entry.o(.ARM.Collect$$$$00000000) for __main
    system_stm32f4xx.o(i.SystemCoreClockUpdate) refers to system_stm32f4xx.o(.data) for SystemCoreClock
    system_stm32f4xx.o(i.SystemInit) refers to system_stm32f4xx.o(i.SetSysClock) for SetSysClock
    stm32f4xx_it.o(i.EXTI9_5_IRQHandler) refers to stm32f4xx_exti.o(i.EXTI_GetITStatus) for EXTI_GetITStatus
    stm32f4xx_it.o(i.EXTI9_5_IRQHandler) refers to stm32f4xx_exti.o(i.EXTI_ClearITPendingBit) for EXTI_ClearITPendingBit
    stm32f4xx_it.o(i.TIM2_IRQHandler) refers to stm32f4xx_tim.o(i.TIM_GetITStatus) for TIM_GetITStatus
    stm32f4xx_it.o(i.TIM2_IRQHandler) refers to scheduler.o(i.Call_Loop_timer) for Call_Loop_timer
    stm32f4xx_it.o(i.TIM2_IRQHandler) refers to stm32f4xx_tim.o(i.TIM_ClearITPendingBit) for TIM_ClearITPendingBit
    stm32f4xx_it.o(i.TIM2_IRQHandler) refers to init.o(.data) for Init_Finish
    stm32f4xx_it.o(i.UART4_IRQHandler) refers to stm32f4xx_usart.o(i.USART_GetITStatus) for USART_GetITStatus
    stm32f4xx_it.o(i.UART4_IRQHandler) refers to stm32f4xx_usart.o(i.USART_ReceiveData) for USART_ReceiveData
    stm32f4xx_it.o(i.UART4_IRQHandler) refers to printf8.o(i.__0printf$8) for __2printf
    stm32f4xx_it.o(i.UART4_IRQHandler) refers to stm32f4xx_usart.o(i.USART_ClearITPendingBit) for USART_ClearITPendingBit
    stm32f4xx_it.o(i.USART1_IRQHandler) refers to stm32f4xx_usart.o(i.USART_GetITStatus) for USART_GetITStatus
    stm32f4xx_it.o(i.USART1_IRQHandler) refers to stm32f4xx_usart.o(i.USART_ClearITPendingBit) for USART_ClearITPendingBit
    stm32f4xx_it.o(i.USART1_IRQHandler) refers to stm32f4xx_usart.o(i.USART_ReceiveData) for USART_ReceiveData
    stm32f4xx_it.o(i.USART1_IRQHandler) refers to ano_dt.o(i.ANO_DT_Data_Receive_Prepare) for ANO_DT_Data_Receive_Prepare
    stm32f4xx_it.o(i.USART2_IRQHandler) refers to stm32f4xx_usart.o(i.USART_GetITStatus) for USART_GetITStatus
    stm32f4xx_it.o(i.USART2_IRQHandler) refers to stm32f4xx_usart.o(i.USART_ReceiveData) for USART_ReceiveData
    stm32f4xx_it.o(i.USART2_IRQHandler) refers to deal_datapacket.o(i.importData) for importData
    stm32f4xx_it.o(i.USART2_IRQHandler) refers to stm32f4xx_usart.o(i.USART_ClearITPendingBit) for USART_ClearITPendingBit
    stm32f4xx_adc.o(i.ADC_DeInit) refers to stm32f4xx_rcc.o(i.RCC_APB2PeriphResetCmd) for RCC_APB2PeriphResetCmd
    stm32f4xx_can.o(i.CAN_DeInit) refers to stm32f4xx_rcc.o(i.RCC_APB1PeriphResetCmd) for RCC_APB1PeriphResetCmd
    stm32f4xx_can.o(i.CAN_GetITStatus) refers to stm32f4xx_can.o(i.CheckITStatus) for CheckITStatus
    stm32f4xx_cryp.o(i.CRYP_DeInit) refers to stm32f4xx_rcc.o(i.RCC_AHB2PeriphResetCmd) for RCC_AHB2PeriphResetCmd
    stm32f4xx_cryp_aes.o(i.CRYP_AES_CBC) refers to stm32f4xx_cryp.o(i.CRYP_KeyStructInit) for CRYP_KeyStructInit
    stm32f4xx_cryp_aes.o(i.CRYP_AES_CBC) refers to stm32f4xx_cryp.o(i.CRYP_FIFOFlush) for CRYP_FIFOFlush
    stm32f4xx_cryp_aes.o(i.CRYP_AES_CBC) refers to stm32f4xx_cryp.o(i.CRYP_Init) for CRYP_Init
    stm32f4xx_cryp_aes.o(i.CRYP_AES_CBC) refers to stm32f4xx_cryp.o(i.CRYP_KeyInit) for CRYP_KeyInit
    stm32f4xx_cryp_aes.o(i.CRYP_AES_CBC) refers to stm32f4xx_cryp.o(i.CRYP_Cmd) for CRYP_Cmd
    stm32f4xx_cryp_aes.o(i.CRYP_AES_CBC) refers to stm32f4xx_cryp.o(i.CRYP_GetFlagStatus) for CRYP_GetFlagStatus
    stm32f4xx_cryp_aes.o(i.CRYP_AES_CBC) refers to stm32f4xx_cryp.o(i.CRYP_IVInit) for CRYP_IVInit
    stm32f4xx_cryp_aes.o(i.CRYP_AES_CBC) refers to stm32f4xx_cryp.o(i.CRYP_GetCmdStatus) for CRYP_GetCmdStatus
    stm32f4xx_cryp_aes.o(i.CRYP_AES_CBC) refers to stm32f4xx_cryp.o(i.CRYP_DataIn) for CRYP_DataIn
    stm32f4xx_cryp_aes.o(i.CRYP_AES_CBC) refers to stm32f4xx_cryp.o(i.CRYP_DataOut) for CRYP_DataOut
    stm32f4xx_cryp_aes.o(i.CRYP_AES_CCM) refers to stm32f4xx_cryp.o(i.CRYP_KeyStructInit) for CRYP_KeyStructInit
    stm32f4xx_cryp_aes.o(i.CRYP_AES_CCM) refers to stm32f4xx_cryp.o(i.CRYP_FIFOFlush) for CRYP_FIFOFlush
    stm32f4xx_cryp_aes.o(i.CRYP_AES_CCM) refers to stm32f4xx_cryp.o(i.CRYP_KeyInit) for CRYP_KeyInit
[...]
    i.TIM_ARRPreloadConfig                   0x0800281c   Section        0  stm32f4xx_tim.o(i.TIM_ARRPreloadConfig)
    i.TIM_BDTRConfig                         0x08002834   Section        0  stm32f4xx_tim.o(i.TIM_BDTRConfig)
    i.TIM_ClearITPendingBit                  0x08002854   Section        0  stm32f4xx_tim.o(i.TIM_ClearITPendingBit)
    i.TIM_Cmd                                0x0800285a   Section        0  stm32f4xx_tim.o(i.TIM_Cmd)
    i.TIM_CtrlPWMOutputs                     0x08002872   Section        0  stm32f4xx_tim.o(i.TIM_CtrlPWMOutputs)
    i.TIM_GetITStatus                        0x08002890   Section        0  stm32f4xx_tim.o(i.TIM_GetITStatus)
    i.TIM_ITConfig                           0x080028b2   Section        0  stm32f4xx_tim.o(i.TIM_ITConfig)
    i.TIM_OC1Init                            0x080028c4   Section        0  stm32f4xx_tim.o(i.TIM_OC1Init)
    i.TIM_OC1PreloadConfig                   0x08002940   Section        0  stm32f4xx_tim.o(i.TIM_OC1PreloadConfig)
    i.TIM_OC2Init                            0x08002954   Section        0  stm32f4xx_tim.o(i.TIM_OC2Init)
    i.TIM_OC2PreloadConfig                   0x080029f8   Section        0  stm32f4xx_tim.o(i.TIM_OC2PreloadConfig)
    i.TIM_OC3Init                            0x08002a14   Section        0  stm32f4xx_tim.o(i.TIM_OC3Init)
    i.TIM_OC3PreloadConfig                   0x08002ab4   Section        0  stm32f4xx_tim.o(i.TIM_OC3PreloadConfig)
    i.TIM_OC4Init                            0x08002ac8   Section        0  stm32f4xx_tim.o(i.TIM_OC4Init)
    i.TIM_OC4PreloadConfig                   0x08002b40   Section        0  stm32f4xx_tim.o(i.TIM_OC4PreloadConfig)
    i.TIM_TimeBaseInit                       0x08002b5c   Section        0  stm32f4xx_tim.o(i.TIM_TimeBaseInit)
    i.Time2_Init                             0x08002be0   Section        0  time.o(i.Time2_Init)
    i.UART4_IRQHandler                       0x08002c40   Section        0  stm32f4xx_it.o(i.UART4_IRQHandler)
    i.USART1_Config                          0x08002c74   Section        0  usart.o(i.USART1_Config)
    i.USART1_GPIO_Config                     0x08002cec   Section        0  usart.o(i.USART1_GPIO_Config)
    i.USART1_IRQHandler                      0x08002d28   Section        0  stm32f4xx_it.o(i.USART1_IRQHandler)
    i.USART1_SendByByter                     0x08002d58   Section        0  usart.o(i.USART1_SendByByter)
    i.USART2_Config                          0x08002d80   Section        0  usart.o(i.USART2_Config)
    i.USART2_GPIO_Config                     0x08002df8   Section        0  usart.o(i.USART2_GPIO_Config)
    i.USART2_IRQHandler                      0x08002e34   Section        0  stm32f4xx_it.o(i.USART2_IRQHandler)
    i.USART2_SendByByter                     0x08002e64   Section        0  usart.o(i.USART2_SendByByter)
    i.USART_ClearITPendingBit                0x08002e8c   Section        0  stm32f4xx_usart.o(i.USART_ClearITPendingBit)
    i.USART_Cmd                              0x08002eaa   Section        0  stm32f4xx_usart.o(i.USART_Cmd)
    i.USART_GetFlagStatus                    0x08002ec2   Section        0  stm32f4xx_usart.o(i.USART_GetFlagStatus)
    i.USART_GetITStatus                      0x08002edc   Section        0  stm32f4xx_usart.o(i.USART_GetITStatus)
    i.USART_ITConfig                         0x08002f30   Section        0  stm32f4xx_usart.o(i.USART_ITConfig)
    i.USART_Init                             0x08002f7c   Section        0  stm32f4xx_usart.o(i.USART_Init)
    i.USART_ReceiveData                      0x08003050   Section        0  stm32f4xx_usart.o(i.USART_ReceiveData)
    i.USART_SendData                         0x0800305a   Section        0  stm32f4xx_usart.o(i.USART_SendData)
    i.UnpackData                             0x08003064   Section        0  deal_datapacket.o(i.UnpackData)
    i.Usart1_Send                            0x080030dc   Section        0  usart.o(i.Usart1_Send)
    i.Usart2_Send                            0x080030f8   Section        0  usart.o(i.Usart2_Send)
    i.WR_Init                                0x08003114   Section        0  init.o(i.WR_Init)
    i._I2C_IsBusy                            0x08003148   Section        0  i2c.o(i._I2C_IsBusy)
    i.__0printf$8                            0x08003188   Section        0  printf8.o(i.__0printf$8)
    i.__ARM_fpclassify                       0x080031a8   Section        0  fpclassify.o(i.__ARM_fpclassify)
    i.__hardfp_asin                          0x080031d8   Section        0  asin.o(i.__hardfp_asin)
    i.__hardfp_atan                          0x08003538   Section        0  atan.o(i.__hardfp_atan)
    i.__hardfp_atan2                         0x08003810   Section        0  atan2.o(i.__hardfp_atan2)
    i.__kernel_poly                          0x08003a00   Section        0  poly.o(i.__kernel_poly)
    i.__mathlib_dbl_infnan                   0x08003af8   Section        0  dunder.o(i.__mathlib_dbl_infnan)
    i.__mathlib_dbl_infnan2                  0x08003b0c   Section        0  dunder.o(i.__mathlib_dbl_infnan2)
    i.__mathlib_dbl_invalid                  0x08003b20   Section        0  dunder.o(i.__mathlib_dbl_invalid)
    i.__mathlib_dbl_underflow                0x08003b40   Section        0  dunder.o(i.__mathlib_dbl_underflow)
    i.__scatterload_copy                     0x08003b60   Section       14  handlers.o(i.__scatterload_copy)
    i.__scatterload_null                     0x08003b6e   Section        2  handlers.o(i.__scatterload_null)
    i.__scatterload_zeroinit                 0x08003b70   Section       14  handlers.o(i.__scatterload_zeroinit)
    i.__set_errno                            0x08003b80   Section        0  errno.o(i.__set_errno)
    i._printf_core                           0x08003b8c   Section        0  printf8.o(i._printf_core)
    _printf_core                             0x08003b8d   Thumb Code   996  printf8.o(i._printf_core)
    i._printf_post_padding                   0x08003f9c   Section        0  printf8.o(i._printf_post_padding)
    _printf_post_padding                     0x08003f9d   Thumb Code    36  printf8.o(i._printf_post_padding)
    i._printf_pre_padding                    0x08003fc0   Section        0  printf8.o(i._printf_pre_padding)
    _printf_pre_padding                      0x08003fc1   Thumb Code    46  printf8.o(i._printf_pre_padding)
    i.accel_self_test                        0x08003ff0   Section        0  inv_mpu.o(i.accel_self_test)
    accel_self_test                          0x08003ff1   Thumb Code   182  inv_mpu.o(i.accel_self_test)
    i.atan                                   0x080040b0   Section        0  atan.o(i.atan)
    i.decode_gesture                         0x080040c0   Section        0  inv_mpu_dmp_motion_driver.o(i.decode_gesture)
    decode_gesture                           0x080040c1   Thumb Code    94  inv_mpu_dmp_motion_driver.o(i.decode_gesture)
    i.delay_ms                               0x08004124   Section        0  systick.o(i.delay_ms)
    i.delay_us                               0x08004164   Section        0  systick.o(i.delay_us)
    i.dmp_enable_6x_lp_quat                  0x0800419e   Section        0  inv_mpu_dmp_motion_driver.o(i.dmp_enable_6x_lp_quat)
    i.dmp_enable_feature                     0x080041dc   Section        0  inv_mpu_dmp_motion_driver.o(i.dmp_enable_feature)
    i.dmp_enable_gyro_cal                    0x080043f8   Section        0  inv_mpu_dmp_motion_driver.o(i.dmp_enable_gyro_cal)
    i.dmp_enable_lp_quat                     0x08004450   Section        0  inv_mpu_dmp_motion_driver.o(i.dmp_enable_lp_quat)
    i.dmp_getdata                            0x0800448c   Section        0  mpu_dmp_api.o(i.dmp_getdata)
    i.dmp_load_motion_driver_firmware        0x08004794   Section        0  inv_mpu_dmp_motion_driver.o(i.dmp_load_motion_driver_firmware)
    i.dmp_read_fifo                          0x080047ac   Section        0  inv_mpu_dmp_motion_driver.o(i.dmp_read_fifo)
    i.dmp_set_accel_bias                     0x08004978   Section        0  inv_mpu_dmp_motion_driver.o(i.dmp_set_accel_bias)
    i.dmp_set_fifo_rate                      0x08004aa8   Section        0  inv_mpu_dmp_motion_driver.o(i.dmp_set_fifo_rate)
    i.dmp_set_gyro_bias                      0x08004b18   Section        0  inv_mpu_dmp_motion_driver.o(i.dmp_set_gyro_bias)
    i.dmp_set_orientation                    0x08004c48   Section        0  inv_mpu_dmp_motion_driver.o(i.dmp_set_orientation)
    i.dmp_set_shake_reject_thresh            0x08004d80   Section        0  inv_mpu_dmp_motion_driver.o(i.dmp_set_shake_reject_thresh)
    i.dmp_set_shake_reject_time              0x08004db8   Section        0  inv_mpu_dmp_motion_driver.o(i.dmp_set_shake_reject_time)
    i.dmp_set_shake_reject_timeout           0x08004dde   Section        0  inv_mpu_dmp_motion_driver.o(i.dmp_set_shake_reject_timeout)
    i.dmp_set_tap_axes                       0x08004e04   Section        0  inv_mpu_dmp_motion_driver.o(i.dmp_set_tap_axes)
    i.dmp_set_tap_count                      0x08004e4a   Section        0  inv_mpu_dmp_motion_driver.o(i.dmp_set_tap_count)
    i.dmp_set_tap_thresh                     0x08004e70   Section        0  inv_mpu_dmp_motion_driver.o(i.dmp_set_tap_thresh)
    i.dmp_set_tap_time                       0x08005030   Section        0  inv_mpu_dmp_motion_driver.o(i.dmp_set_tap_time)
    i.dmp_set_tap_time_multi                 0x08005056   Section        0  inv_mpu_dmp_motion_driver.o(i.dmp_set_tap_time_multi)
    i.errcopy                                0x0800507c   Section        0  deal_datapacket.o(i.errcopy)
    i.fabs                                   0x08005094   Section        0  fabs.o(i.fabs)
    i.fputc                                  0x080050ac   Section        0  usart.o(i.fputc)
    i.get_accel_prod_shift                   0x080050d0   Section        0  inv_mpu.o(i.get_accel_prod_shift)
    get_accel_prod_shift                     0x080050d1   Thumb Code   190  inv_mpu.o(i.get_accel_prod_shift)
    i.get_ms                                 0x080051a0   Section        0  inv_mpu.o(i.get_ms)
    i.get_st_biases                          0x080051a4   Section        0  inv_mpu.o(i.get_st_biases)
    get_st_biases                            0x080051a5   Thumb Code  1132  inv_mpu.o(i.get_st_biases)
    i.gyro_data_ready_cb                     0x08005614   Section        0  mpu_dmp_api.o(i.gyro_data_ready_cb)
    i.gyro_self_test                         0x08005620   Section        0  inv_mpu.o(i.gyro_self_test)
    gyro_self_test                           0x08005621   Thumb Code   262  inv_mpu.o(i.gyro_self_test)
    i.importData                             0x0800573c   Section        0  deal_datapacket.o(i.importData)
    i.inv_orientation_matrix_to_scalar       0x080057d8   Section        0  mpu_dmp_api.o(i.inv_orientation_matrix_to_scalar)
    i.inv_row_2_scale                        0x08005800   Section        0  mpu_dmp_api.o(i.inv_row_2_scale)
    i.main                                   0x0800584e   Section        0  main.o(i.main)
    i.mpu_configure_fifo                     0x0800585c   Section        0  inv_mpu.o(i.mpu_configure_fifo)
    i.mpu_dmp_init                           0x080058cc   Section        0  mpu_dmp_api.o(i.mpu_dmp_init)
    i.mpu_get_accel_fsr                      0x08005964   Section        0  inv_mpu.o(i.mpu_get_accel_fsr)
    i.mpu_get_accel_sens                     0x080059b0   Section        0  inv_mpu.o(i.mpu_get_accel_sens)
    i.mpu_get_fifo_config                    0x08005a04   Section        0  inv_mpu.o(i.mpu_get_fifo_config)
    i.mpu_get_gyro_fsr                       0x08005a14   Section        0  inv_mpu.o(i.mpu_get_gyro_fsr)
    i.mpu_get_gyro_sens                      0x08005a58   Section        0  inv_mpu.o(i.mpu_get_gyro_sens)
    i.mpu_get_lpf                            0x08005ab8   Section        0  inv_mpu.o(i.mpu_get_lpf)
    i.mpu_get_sample_rate                    0x08005b08   Section        0  inv_mpu.o(i.mpu_get_sample_rate)
    i.mpu_init                               0x08005b28   Section        0  inv_mpu.o(i.mpu_init)
    i.mpu_load_firmware                      0x08005d18   Section        0  inv_mpu.o(i.mpu_load_firmware)
    i.mpu_lp_accel_mode                      0x08005dd0   Section        0  inv_mpu.o(i.mpu_lp_accel_mode)
    i.mpu_read_fifo                          0x08005eb0   Section        0  inv_mpu.o(i.mpu_read_fifo)
    i.mpu_read_fifo_stream                   0x080060a8   Section        0  inv_mpu.o(i.mpu_read_fifo_stream)
    i.mpu_read_mem                           0x08006168   Section        0  inv_mpu.o(i.mpu_read_mem)
    i.mpu_reset_fifo                         0x080061e8   Section        0  inv_mpu.o(i.mpu_reset_fifo)
    i.mpu_run_self_test                      0x080063b0   Section        0  inv_mpu.o(i.mpu_run_self_test)
    i.mpu_set_accel_fsr                      0x080064cc   Section        0  inv_mpu.o(i.mpu_set_accel_fsr)
    i.mpu_set_bypass                         0x08006550   Section        0  inv_mpu.o(i.mpu_set_bypass)
    i.mpu_set_dmp_state                      0x0800669c   Section        0  inv_mpu.o(i.mpu_set_dmp_state)
    i.mpu_set_gyro_fsr                       0x0800672c   Section        0  inv_mpu.o(i.mpu_set_gyro_fsr)
    i.mpu_set_int_latched                    0x080067b4   Section        0  inv_mpu.o(i.mpu_set_int_latched)
    i.mpu_set_lpf                            0x08006820   Section        0  inv_mpu.o(i.mpu_set_lpf)
    i.mpu_set_sample_rate                    0x080068a4   Section        0  inv_mpu.o(i.mpu_set_sample_rate)
    i.mpu_set_sensors                        0x08006940   Section        0  inv_mpu.o(i.mpu_set_sensors)
    i.mpu_write_mem                          0x08006a10   Section        0  inv_mpu.o(i.mpu_write_mem)
    i.reformat                               0x08006a90   Section        0  deal_datapacket.o(i.reformat)
    i.run_self_test                          0x08006ad8   Section        0  mpu_dmp_api.o(i.run_self_test)
    i.set_int_enable                         0x08006b74   Section        0  inv_mpu.o(i.set_int_enable)
    set_int_enable                           0x08006b75   Thumb Code   138  inv_mpu.o(i.set_int_enable)
    i.sqrt                                   0x08006c04   Section        0  sqrt.o(i.sqrt)
    .constdata                               0x08006c74   Section       84  inv_mpu.o(.constdata)
    .constdata                               0x08006cc8   Section     3062  inv_mpu_dmp_motion_driver.o(.constdata)
    dmp_memory                               0x08006cc8   Data        3062  inv_mpu_dmp_motion_driver.o(.constdata)
    .constdata                               0x080078c0   Section       80  asin.o(.constdata)
    pS                                       0x080078c0   Data          48  asin.o(.constdata)
    qS                                       0x080078f0   Data          32  asin.o(.constdata)
    .constdata                               0x08007910   Section      152  atan.o(.constdata)
    atanhi                                   0x08007910   Data          32  atan.o(.constdata)
    atanlo                                   0x08007930   Data          32  atan.o(.constdata)
    aTodd                                    0x08007950   Data          40  atan.o(.constdata)
    aTeven                                   0x08007978   Data          48  atan.o(.constdata)
    .constdata                               0x080079a8   Section        8  qnan.o(.constdata)
    .conststring                             0x080079b0   Section       77  inv_mpu.o(.conststring)
    .data                                    0x20000000   Section       16  stm32f4xx_rcc.o(.data)
    APBAHBPrescTable                         0x20000000   Data          16  stm32f4xx_rcc.o(.data)
    .data                                    0x20000010   Section        1  init.o(.data)
    .data                                    0x20000014   Section       18  deal_datapacket.o(.data)
    .data                                    0x20000028   Section      241  control.o(.data)
    flag_Y                                   0x20000111   Data           1  control.o(.data)
    flag_X                                   0x20000112   Data           1  control.o(.data)
    flag_Z                                   0x20000113   Data           1  control.o(.data)
    max                                      0x20000114   Data           2  control.o(.data)
    min                                      0x20000116   Data           2  control.o(.data)
    err_cnt                                  0x20000118   Data           1  control.o(.data)
    .data                                    0x2000011c   Section       44  inv_mpu.o(.data)
    st                                       0x2000011c   Data          44  inv_mpu.o(.data)
    .data                                    0x20000148   Section        7  ano_dt.o(.data)
    cnt                                      0x20000148   Data           4  ano_dt.o(.data)
    _data_len                                0x2000014c   Data           1  ano_dt.o(.data)
    _data_cnt                                0x2000014d   Data           1  ano_dt.o(.data)
    state                                    0x2000014e   Data           1  ano_dt.o(.data)
    .data                                    0x20000150   Section       60  mpu_dmp_api.o(.data)
    gyro_orientation                         0x20000151   Data           9  mpu_dmp_api.o(.data)
    .data                                    0x2000018c   Section        4  stdout.o(.data)
    .data                                    0x20000190   Section        4  errno.o(.data)
    _errno                                   0x20000190   Data           4  errno.o(.data)
    .bss                                     0x20000194   Section       12  usart.o(.bss)
    .bss                                     0x200001a0   Section       14  scheduler.o(.bss)
    .bss                                     0x200001ae   Section      370  deal_datapacket.o(.bss)
    .bss                                     0x20000320   Section       16  inv_mpu_dmp_motion_driver.o(.bss)
    dmp                                      0x20000320   Data          16  inv_mpu_dmp_motion_driver.o(.bss)
    .bss                                     0x20000330   Section      115  ano_dt.o(.bss)
    RxBuffer                                 0x20000371   Data          50  ano_dt.o(.bss)
    .bss                                     0x200003a4   Section       32  mpu_dmp_api.o(.bss)
    hal                                      0x200003a4   Data          14  mpu_dmp_api.o(.bss)
    STACK                                    0x200003c8   Section     1024  startup_stm32f40xx.o(STACK)

    Global Symbols

    Symbol Name                              Value     Ov Type        Size  Object(Section)

    BuildAttributes$$THM_ISAv4$E$P$D$K$B$S$7EM$VFPi3$EXTD16$VFPS$VFMA$PE$A:L22UL41UL21$X:L11$S22US41US21$IEEE1$IW$USESV6$~STKCKD$USESV7$~SHL$OTIME$ROPI$IEEEX$EBA8$MICROLIB$REQ8$PRES8$EABIv2 0x00000000   Number         0  anon$$obj.o ABSOLUTE
    __ARM_use_no_argv                        0x00000000   Number         0  main.o ABSOLUTE
    _printf_a                                0x00000000   Number         0  stubs.o ABSOLUTE
    _printf_c                                0x00000000   Number         0  stubs.o ABSOLUTE
    _printf_charcount                        0x00000000   Number         0  stubs.o ABSOLUTE
    _printf_d                                0x00000000   Number         0  stubs.o ABSOLUTE
    _printf_e                                0x00000000   Number         0  stubs.o ABSOLUTE
    _printf_f                                0x00000000   Number         0  stubs.o ABSOLUTE
    _printf_flags                            0x00000000   Number         0  stubs.o ABSOLUTE
    _printf_fp_dec                           0x00000000   Number         0  stubs.o ABSOLUTE
    _printf_fp_hex                           0x00000000   Number         0  stubs.o ABSOLUTE
    _printf_g                                0x00000000   Number         0  stubs.o ABSOLUTE
    _printf_i                                0x00000000   Number         0  stubs.o ABSOLUTE
    _printf_int_dec                          0x00000000   Number         0  stubs.o ABSOLUTE
    _printf_l                                0x00000000   Number         0  stubs.o ABSOLUTE
    _printf_lc                               0x00000000   Number         0  stubs.o ABSOLUTE
    _printf_ll                               0x00000000   Number         0  stubs.o ABSOLUTE
    _printf_lld                              0x00000000   Number         0  stubs.o ABSOLUTE
    _printf_lli                              0x00000000   Number         0  stubs.o ABSOLUTE
    _printf_llo                              0x00000000   Number         0  stubs.o ABSOLUTE
    _printf_llu                              0x00000000   Number         0  stubs.o ABSOLUTE
    _printf_llx                              0x00000000   Number         0  stubs.o ABSOLUTE
    _printf_longlong_dec                     0x00000000   Number         0  stubs.o ABSOLUTE
    _printf_longlong_hex                     0x00000000   Number         0  stubs.o ABSOLUTE
    _printf_longlong_oct                     0x00000000   Number         0  stubs.o ABSOLUTE
    _printf_ls                               0x00000000   Number         0  stubs.o ABSOLUTE
    _printf_mbtowc                           0x00000000   Number         0  stubs.o ABSOLUTE
    _printf_n                                0x00000000   Number         0  stubs.o ABSOLUTE
    _printf_o                                0x00000000   Number         0  stubs.o ABSOLUTE
    _printf_p                                0x00000000   Number         0  stubs.o ABSOLUTE
    _printf_percent                          0x00000000   Number         0  stubs.o ABSOLUTE
    _printf_pre_padding                      0x00000000   Number         0  stubs.o ABSOLUTE
    _printf_return_value                     0x00000000   Number         0  stubs.o ABSOLUTE
    _printf_s                                0x00000000   Number         0  stubs.o ABSOLUTE
    _printf_sizespec                         0x00000000   Number         0  stubs.o ABSOLUTE
    _printf_str                              0x00000000   Number         0  stubs.o ABSOLUTE
    _printf_truncate_signed                  0x00000000   Number         0  stubs.o ABSOLUTE
    _printf_truncate_unsigned                0x00000000   Number         0  stubs.o ABSOLUTE
    _printf_u                                0x00000000   Number         0  stubs.o ABSOLUTE
    _printf_wc                               0x00000000   Number         0  stubs.o ABSOLUTE
    _printf_wctomb                           0x00000000   Number         0  stubs.o ABSOLUTE
    _printf_widthprec                        0x00000000   Number         0  stubs.o ABSOLUTE
    _printf_x                                0x00000000   Number         0  stubs.o ABSOLUTE
    __cpp_initialize__aeabi_                  - Undefined Weak Reference
    __cxa_finalize                            - Undefined Weak Reference
    _clock_init                               - Undefined Weak Reference
    _microlib_exit                            - Undefined Weak Reference
    __Vectors_Size                           0x00000188   Number         0  startup_stm32f40xx.o ABSOLUTE
    __Vectors                                0x08000000   Data           4  startup_stm32f40xx.o(RESET)
    __Vectors_End                            0x08000188   Data           0  startup_stm32f40xx.o(RESET)
    __main                                   0x08000189   Thumb Code     0  entry.o(.ARM.Collect$$$$00000000)
    _main_stk                                0x08000189   Thumb Code     0  entry2.o(.ARM.Collect$$$$00000001)
    _main_scatterload                        0x0800018d   Thumb Code     0  entry5.o(.ARM.Collect$$$$00000004)
    __main_after_scatterload                 0x08000191   Thumb Code     0  entry5.o(.ARM.Collect$$$$00000004)
    _main_clock                              0x08000191   Thumb Code     0  entry7b.o(.ARM.Collect$$$$00000008)
    _main_cpp_init                           0x08000191   Thumb Code     0  entry8b.o(.ARM.Collect$$$$0000000A)
    _main_init                               0x08000191   Thumb Code     0  entry9a.o(.ARM.Collect$$$$0000000B)
    __rt_final_cpp                           0x08000199   Thumb Code     0  entry10a.o(.ARM.Collect$$$$0000000D)
    __rt_final_exit                          0x08000199   Thumb Code     0  entry11a.o(.ARM.Collect$$$$0000000F)
    Reset_Handler                            0x0800019d   Thumb Code     8  startup_stm32f40xx.o(.text)
    NMI_Handler                              0x080001a5   Thumb Code     2  startup_stm32f40xx.o(.text)
    HardFault_Handler                        0x080001a7   Thumb Code     2  startup_stm32f40xx.o(.text)
    MemManage_Handler                        0x080001a9   Thumb Code     2  startup_stm32f40xx.o(.text)
    BusFault_Handler                         0x080001ab   Thumb Code     2  startup_stm32f40xx.o(.text)
    UsageFault_Handler                       0x080001ad   Thumb Code     2  startup_stm32f40xx.o(.text)
    SVC_Handler                              0x080001af   Thumb Code     2  startup_stm32f40xx.o(.text)
    DebugMon_Handler                         0x080001b1   Thumb Code     2  startup_stm32f40xx.o(.text)
    PendSV_Handler                           0x080001b3   Thumb Code     2  startup_stm32f40xx.o(.text)
    SysTick_Handler                          0x080001b5   Thumb Code     2  startup_stm32f40xx.o(.text)
    ADC_IRQHandler                           0x080001b7   Thumb Code     0  startup_stm32f40xx.o(.text)
    CAN1_RX0_IRQHandler                      0x080001b7   Thumb Code     0  startup_stm32f40xx.o(.text)
    CAN1_RX1_IRQHandler                      0x080001b7   Thumb Code     0  startup_stm32f40xx.o(.text)
    CAN1_SCE_IRQHandler                      0x080001b7   Thumb Code     0  startup_stm32f40xx.o(.text)
    CAN1_TX_IRQHandler                       0x080001b7   Thumb Code     0  startup_stm32f40xx.o(.text)
    CAN2_RX0_IRQHandler                      0x080001b7   Thumb Code     0  startup_stm32f40xx.o(.text)
    CAN2_RX1_IRQHandler                      0x080001b7   Thumb Code     0  startup_stm32f40xx.o(.text)
    CAN2_SCE_IRQHandler                      0x080001b7   Thumb Code     0  startup_stm32f40xx.o(.text)
    CAN2_TX_IRQHandler                       0x080001b7   Thumb Code     0  startup_stm32f40xx.o(.text)
    CRYP_IRQHandler                          0x080001b7   Thumb Code     0  startup_stm32f40xx.o(.text)
    DCMI_IRQHandler                          0x080001b7   Thumb Code     0  startup_stm32f40xx.o(.text)
    DMA1_Stream0_IRQHandler                  0x080001b7   Thumb Code     0  startup_stm32f40xx.o(.text)
    DMA1_Stream1_IRQHandler                  0x080001b7   Thumb Code     0  startup_stm32f40xx.o(.text)
    DMA1_Stream2_IRQHandler                  0x080001b7   Thumb Code     0  startup_stm32f40xx.o(.text)
    DMA1_Stream3_IRQHandler                  0x080001b7   Thumb Code     0  startup_stm32f40xx.o(.text)
    DMA1_Stream4_IRQHandler                  0x080001b7   Thumb Code     0  startup_stm32f40xx.o(.text)
    DMA1_Stream5_IRQHandler                  0x080001b7   Thumb Code     0  startup_stm32f40xx.o(.text)
    DMA1_Stream6_IRQHandler                  0x080001b7   Thumb Code     0  startup_stm32f40xx.o(.text)
    DMA1_Stream7_IRQHandler                  0x080001b7   Thumb Code     0  startup_stm32f40xx.o(.text)
    DMA2_Stream0_IRQHandler                  0x080001b7   Thumb Code     0  startup_stm32f40xx.o(.text)
    DMA2_Stream1_IRQHandler                  0x080001b7   Thumb Code     0  startup_stm32f40xx.o(.text)
    DMA2_Stream2_IRQHandler                  0x080001b7   Thumb Code     0  startup_stm32f40xx.o(.text)
    DMA2_Stream3_IRQHandler                  0x080001b7   Thumb Code     0  startup_stm32f40xx.o(.text)
    DMA2_Stream4_IRQHandler                  0x080001b7   Thumb Code     0  startup_stm32f40xx.o(.text)
    DMA2_Stream5_IRQHandler                  0x080001b7   Thumb Code     0  startup_stm32f40xx.o(.text)
    DMA2_Stream6_IRQHandler                  0x080001b7   Thumb Code     0  startup_stm32f40xx.o(.text)
    DMA2_Stream7_IRQHandler                  0x080001b7   Thumb Code     0  startup_stm32f40xx.o(.text)
    ETH_IRQHandler                           0x080001b7   Thumb Code     0  startup_stm32f40xx.o(.text)
    ETH_WKUP_IRQHandler                      0x080001b7   Thumb Code     0  startup_stm32f40xx.o(.text)
    EXTI0_IRQHandler                         0x080001b7   Thumb Code     0  startup_stm32f40xx.o(.text)
    EXTI15_10_IRQHandler                     0x080001b7   Thumb Code     0  startup_stm32f40xx.o(.text)
    EXTI1_IRQHandler                         0x080001b7   Thumb Code     0  startup_stm32f40xx.o(.text)
    EXTI2_IRQHandler                         0x080001b7   Thumb Code     0  startup_stm32f40xx.o(.text)
    EXTI3_IRQHandler                         0x080001b7   Thumb Code     0  startup_stm32f40xx.o(.text)
    EXTI4_IRQHandler                         0x080001b7   Thumb Code     0  startup_stm32f40xx.o(.text)
    FLASH_IRQHandler                         0x080001b7   Thumb Code     0  startup_stm32f40xx.o(.text)
    FPU_IRQHandler                           0x080001b7   Thumb Code     0  startup_stm32f40xx.o(.text)
    FSMC_IRQHandler                          0x080001b7   Thumb Code     0  startup_stm32f40xx.o(.text)
    HASH_RNG_IRQHandler                      0x080001b7   Thumb Code     0  startup_stm32f40xx.o(.text)
    I2C1_ER_IRQHandler                       0x080001b7   Thumb Code     0  startup_stm32f40xx.o(.text)
    I2C1_EV_IRQHandler                       0x080001b7   Thumb Code     0  startup_stm32f40xx.o(.text)
    I2C2_ER_IRQHandler                       0x080001b7   Thumb Code     0  startup_stm32f40xx.o(.text)
    I2C2_EV_IRQHandler                       0x080001b7   Thumb Code     0  startup_stm32f40xx.o(.text)
    I2C3_ER_IRQHandler                       0x080001b7   Thumb Code     0  startup_stm32f40xx.o(.text)
    I2C3_EV_IRQHandler                       0x080001b7   Thumb Code     0  startup_stm32f40xx.o(.text)
    OTG_FS_IRQHandler                        0x080001b7   Thumb Code     0  startup_stm32f40xx.o(.text)
    OTG_FS_WKUP_IRQHandler                   0x080001b7   Thumb Code     0  startup_stm32f40xx.o(.text)
    OTG_HS_EP1_IN_IRQHandler                 0x080001b7   Thumb Code     0  startup_stm32f40xx.o(.text)
    OTG_HS_EP1_OUT_IRQHandler                0x080001b7   Thumb Code     0  startup_stm32f40xx.o(.text)
    OTG_HS_IRQHandler                        0x080001b7   Thumb Code     0  startup_stm32f40xx.o(.text)
    OTG_HS_WKUP_IRQHandler                   0x080001b7   Thumb Code     0  startup_stm32f40xx.o(.text)
    PVD_IRQHandler                           0x080001b7   Thumb Code     0  startup_stm32f40xx.o(.text)
    RCC_IRQHandler                           0x080001b7   Thumb Code     0  startup_stm32f40xx.o(.text)
    RTC_Alarm_IRQHandler                     0x080001b7   Thumb Code     0  startup_stm32f40xx.o(.text)
    RTC_WKUP_IRQHandler                      0x080001b7   Thumb Code     0  startup_stm32f40xx.o(.text)
    SDIO_IRQHandler                          0x080001b7   Thumb Code     0  startup_stm32f40xx.o(.text)
    SPI1_IRQHandler                          0x080001b7   Thumb Code     0  startup_stm32f40xx.o(.text)
    SPI2_IRQHandler                          0x080001b7   Thumb Code     0  startup_stm32f40xx.o(.text)
    SPI3_IRQHandler                          0x080001b7   Thumb Code     0  startup_stm32f40xx.o(.text)
    TAMP_STAMP_IRQHandler                    0x080001b7   Thumb Code     0  startup_stm32f40xx.o(.text)
    TIM1_BRK_TIM9_IRQHandler                 0x080001b7   Thumb Code     0  startup_stm32f40xx.o(.text)
    TIM1_CC_IRQHandler                       0x080001b7   Thumb Code     0  startup_stm32f40xx.o(.text)
    TIM1_TRG_COM_TIM11_IRQHandler            0x080001b7   Thumb Code     0  startup_stm32f40xx.o(.text)
    TIM1_UP_TIM10_IRQHandler                 0x080001b7   Thumb Code     0  startup_stm32f40xx.o(.text)
    TIM3_IRQHandler                          0x080001b7   Thumb Code     0  startup_stm32f40xx.o(.text)
    TIM4_IRQHandler                          0x080001b7   Thumb Code     0  startup_stm32f40xx.o(.text)
    TIM5_IRQHandler                          0x080001b7   Thumb Code     0  startup_stm32f40xx.o(.text)
    TIM6_DAC_IRQHandler                      0x080001b7   Thumb Code     0  startup_stm32f40xx.o(.text)
    TIM7_IRQHandler                          0x080001b7   Thumb Code     0  startup_stm32f40xx.o(.text)
    TIM8_BRK_TIM12_IRQHandler                0x080001b7   Thumb Code     0  startup_stm32f40xx.o(.text)
    TIM8_CC_IRQHandler                       0x080001b7   Thumb Code     0  startup_stm32f40xx.o(.text)
    TIM8_TRG_COM_TIM14_IRQHandler            0x080001b7   Thumb Code     0  startup_stm32f40xx.o(.text)
    TIM8_UP_TIM13_IRQHandler                 0x080001b7   Thumb Code     0  startup_stm32f40xx.o(.text)
    UART5_IRQHandler                         0x080001b7   Thumb Code     0  startup_stm32f40xx.o(.text)
    USART3_IRQHandler                        0x080001b7   Thumb Code     0  startup_stm32f40xx.o(.text)
    USART6_IRQHandler                        0x080001b7   Thumb Code     0  startup_stm32f40xx.o(.text)
    WWDG_IRQHandler                          0x080001b7   Thumb Code     0  startup_stm32f40xx.o(.text)
    __aeabi_ldivmod                          0x080001c1   Thumb Code    98  ldiv.o(.text)
    __aeabi_memset                           0x08000223   Thumb Code    14  memseta.o(.text)
    __aeabi_memset4                          0x08000223   Thumb Code     0  memseta.o(.text)
    __aeabi_memset8                          0x08000223   Thumb Code     0  memseta.o(.text)
    __aeabi_memclr                           0x08000231   Thumb Code     4  memseta.o(.text)
    __aeabi_memclr4                          0x08000231   Thumb Code     0  memseta.o(.text)
    __aeabi_memclr8                          0x08000231   Thumb Code     0  memseta.o(.text)
    _memset$wrapper                          0x08000235   Thumb Code    18  memseta.o(.text)
    memcmp                                   0x08000247   Thumb Code    26  memcmp.o(.text)
    __aeabi_dadd                             0x08000261   Thumb Code   322  dadd.o(.text)
    __aeabi_dsub                             0x080003a3   Thumb Code     6  dadd.o(.text)
    __aeabi_drsub                            0x080003a9   Thumb Code     6  dadd.o(.text)
    __aeabi_dmul                             0x080003af   Thumb Code   228  dmul.o(.text)
    __aeabi_ddiv                             0x08000493   Thumb Code   222  ddiv.o(.text)
    __aeabi_i2d                              0x08000571   Thumb Code    34  dflti.o(.text)
    __aeabi_d2iz                             0x08000593   Thumb Code    62  dfixi.o(.text)
    __aeabi_f2d                              0x080005d1   Thumb Code    38  f2d.o(.text)
    __aeabi_d2f                              0x080005f7   Thumb Code    56  d2f.o(.text)
    __aeabi_uldivmod                         0x0800062f   Thumb Code    98  uldiv.o(.text)
    __aeabi_llsl                             0x08000691   Thumb Code    30  llshl.o(.text)
    _ll_shift_l                              0x08000691   Thumb Code     0  llshl.o(.text)
    __aeabi_llsr                             0x080006af   Thumb Code    32  llushr.o(.text)
    _ll_ushift_r                             0x080006af   Thumb Code     0  llushr.o(.text)
    __aeabi_lasr                             0x080006cf   Thumb Code    36  llsshr.o(.text)
    _ll_sshift_r                             0x080006cf   Thumb Code     0  llsshr.o(.text)
    __I$use$fp                               0x080006f3   Thumb Code     0  iusefp.o(.text)
    _float_round                             0x080006f3   Thumb Code    18  fepilogue.o(.text)
    _float_epilogue                          0x08000705   Thumb Code    92  fepilogue.o(.text)
    _double_round                            0x08000761   Thumb Code    30  depilogue.o(.text)
    _double_epilogue                         0x0800077f   Thumb Code   156  depilogue.o(.text)
    __scatterload                            0x0800081d   Thumb Code    28  init.o(.text)
    __scatterload_rt2                        0x0800081d   Thumb Code     0  init.o(.text)
    _dsqrt                                   0x08000841   Thumb Code   162  dsqrt.o(.text)
    __decompress                             0x080008e3   Thumb Code     0  __dczerorl2.o(.text)
    __decompress1                            0x080008e3   Thumb Code    86  __dczerorl2.o(.text)
    ANO_DT_Data_Receive_Anl                  0x08000939   Thumb Code   912  ano_dt.o(i.ANO_DT_Data_Receive_Anl)
    ANO_DT_Data_Receive_Prepare              0x08000d1d   Thumb Code   216  ano_dt.o(i.ANO_DT_Data_Receive_Prepare)
    ANO_DT_Send_Check                        0x08000e05   Thumb Code    62  ano_dt.o(i.ANO_DT_Send_Check)
    ANO_DT_Send_Data                         0x08000e49   Thumb Code    16  ano_dt.o(i.ANO_DT_Send_Data)
    ANO_DT_Send_MotoPWM                      0x08000e59   Thumb Code   294  ano_dt.o(i.ANO_DT_Send_MotoPWM)
    ANO_DT_Send_PID                          0x08000f85   Thumb Code   562  ano_dt.o(i.ANO_DT_Send_PID)
    ANO_DT_Send_Status                       0x080011c1   Thumb Code   336  ano_dt.o(i.ANO_DT_Send_Status)
    CTRL_angular_velocity                    0x08001319   Thumb Code   626  control.o(i.CTRL_angular_velocity)
    Call_Loop_timer                          0x08001635   Thumb Code    88  scheduler.o(i.Call_Loop_timer)
    CheckSum                                 0x08001691   Thumb Code    38  deal_datapacket.o(i.CheckSum)
    Control_test                             0x080016b9   Thumb Code   106  control.o(i.Control_test)
    Data_transfer                            0x0800173d   Thumb Code   360  ano_dt.o(i.Data_transfer)
    DealPwm                                  0x0800190d   Thumb Code   202  control.o(i.DealPwm)
    Direction_Control                        0x08001a0d   Thumb Code    44  control.o(i.Direction_Control)
    Duty_10ms                                0x08001a45   Thumb Code     2  scheduler.o(i.Duty_10ms)
    Duty_1ms                                 0x08001a47   Thumb Code     8  scheduler.o(i.Duty_1ms)
    Duty_20ms                                0x08001a4f   Thumb Code     2  scheduler.o(i.Duty_20ms)
    Duty_2ms                                 0x08001a51   Thumb Code    20  scheduler.o(i.Duty_2ms)
    Duty_500ms                               0x08001a65   Thumb Code    24  scheduler.o(i.Duty_500ms)
    Duty_50ms                                0x08001a85   Thumb Code     2  scheduler.o(i.Duty_50ms)
    Duty_5ms                                 0x08001a87   Thumb Code    12  scheduler.o(i.Duty_5ms)
    EXTI9_5_IRQHandler                       0x08001a93   Thumb Code    18  stm32f4xx_it.o(i.EXTI9_5_IRQHandler)
    EXTI_ClearITPendingBit                   0x08001aa5   Thumb Code     6  stm32f4xx_exti.o(i.EXTI_ClearITPendingBit)
    EXTI_GetITStatus                         0x08001ab1   Thumb Code    20  stm32f4xx_exti.o(i.EXTI_GetITStatus)
    GPIO_Init                                0x08001ac9   Thumb Code   144  stm32f4xx_gpio.o(i.GPIO_Init)
    GPIO_PinAFConfig                         0x08001b59   Thumb Code    70  stm32f4xx_gpio.o(i.GPIO_PinAFConfig)
    GPIO_SetBits                             0x08001b9f   Thumb Code     4  stm32f4xx_gpio.o(i.GPIO_SetBits)
    GetAck                                   0x08001ba5   Thumb Code    64  i2c.o(i.GetAck)
    Get_Angle                                0x08001be9   Thumb Code   136  control.o(i.Get_Angle)
    I2C_Config                               0x08001c89   Thumb Code    84  i2c.o(i.I2C_Config)
    I2C_ReadSomeDataFromSlave                0x08001ce1   Thumb Code   120  i2c.o(i.I2C_ReadSomeDataFromSlave)
    I2C_ReadyByte                            0x08001d59   Thumb Code    88  i2c.o(i.I2C_ReadyByte)
    I2C_WriteByte                            0x08001db5   Thumb Code   160  i2c.o(i.I2C_WriteByte)
    I2C_WriteSomeDataToSlave                 0x08001e59   Thumb Code    96  i2c.o(i.I2C_WriteSomeDataToSlave)
    LED_Connect_Fail                         0x08001eb9   Thumb Code    16  led.o(i.LED_Connect_Fail)
    LED_Init                                 0x08001ecd   Thumb Code    74  led.o(i.LED_Init)
    LED_Locked                               0x08001f1d   Thumb Code    16  led.o(i.LED_Locked)
    LED_Unlocked                             0x08001f31   Thumb Code    16  led.o(i.LED_Unlocked)
    LED_Verify_Success                       0x08001f45   Thumb Code    12  led.o(i.LED_Verify_Success)
    LED_Verify_Unsuccess                     0x08001f55   Thumb Code    12  led.o(i.LED_Verify_Unsuccess)
    Main_Loop                                0x08001f65   Thumb Code   142  scheduler.o(i.Main_Loop)
    Moto_PwmRflash                           0x08001ff9   Thumb Code    62  motor.o(i.Moto_PwmRflash)
    Motor_Init                               0x0800203d   Thumb Code   294  motor.o(i.Motor_Init)
    NVIC_Init                                0x0800216d   Thumb Code   106  misc.o(i.NVIC_Init)
    NVIC_PriorityGroupConfig                 0x080021e5   Thumb Code    10  misc.o(i.NVIC_PriorityGroupConfig)
    PackData                                 0x080021f9   Thumb Code    84  deal_datapacket.o(i.PackData)
    RCC_AHB1PeriphClockCmd                   0x08002261   Thumb Code    26  stm32f4xx_rcc.o(i.RCC_AHB1PeriphClockCmd)
    RCC_APB1PeriphClockCmd                   0x08002281   Thumb Code    26  stm32f4xx_rcc.o(i.RCC_APB1PeriphClockCmd)
    RCC_APB2PeriphClockCmd                   0x080022a1   Thumb Code    26  stm32f4xx_rcc.o(i.RCC_APB2PeriphClockCmd)
    RCC_GetClocksFreq                        0x080022c1   Thumb Code   214  stm32f4xx_rcc.o(i.RCC_GetClocksFreq)
    SYSTEM_Reset                             0x080023a9   Thumb Code    68  mpu_dmp_api.o(i.SYSTEM_Reset)
    SetAck                                   0x080023f5   Thumb Code   132  i2c.o(i.SetAck)
    Set_Pwm                                  0x08002569   Thumb Code   314  control.o(i.Set_Pwm)
    Start                                    0x080026c1   Thumb Code   106  i2c.o(i.Start)
    Stop                                     0x08002731   Thumb Code    84  i2c.o(i.Stop)
    SystemInit                               0x08002789   Thumb Code    88  system_stm32f4xx.o(i.SystemInit)
    TIM2_IRQHandler                          0x080027f1   Thumb Code    38  stm32f4xx_it.o(i.TIM2_IRQHandler)
    TIM_ARRPreloadConfig                     0x0800281d   Thumb Code    24  stm32f4xx_tim.o(i.TIM_ARRPreloadConfig)
    TIM_BDTRConfig                           0x08002835   Thumb Code    32  stm32f4xx_tim.o(i.TIM_BDTRConfig)
    TIM_ClearITPendingBit                    0x08002855   Thumb Code     6  stm32f4xx_tim.o(i.TIM_ClearITPendingBit)
    TIM_Cmd                                  0x0800285b   Thumb Code    24  stm32f4xx_tim.o(i.TIM_Cmd)
    TIM_CtrlPWMOutputs                       0x08002873   Thumb Code    30  stm32f4xx_tim.o(i.TIM_CtrlPWMOutputs)
    TIM_GetITStatus                          0x08002891   Thumb Code    34  stm32f4xx_tim.o(i.TIM_GetITStatus)
    TIM_ITConfig                             0x080028b3   Thumb Code    18  stm32f4xx_tim.o(i.TIM_ITConfig)
    TIM_OC1Init                              0x080028c5   Thumb Code   114  stm32f4xx_tim.o(i.TIM_OC1Init)
    TIM_OC1PreloadConfig                     0x08002941   Thumb Code    18  stm32f4xx_tim.o(i.TIM_OC1PreloadConfig)
    TIM_OC2Init                              0x08002955   Thumb Code   154  stm32f4xx_tim.o(i.TIM_OC2Init)
    TIM_OC2PreloadConfig                     0x080029f9   Thumb Code    26  stm32f4xx_tim.o(i.TIM_OC2PreloadConfig)
    TIM_OC3Init                              0x08002a15   Thumb Code   150  stm32f4xx_tim.o(i.TIM_OC3Init)
    TIM_OC3PreloadConfig                     0x08002ab5   Thumb Code    18  stm32f4xx_tim.o(i.TIM_OC3PreloadConfig)
    TIM_OC4Init                              0x08002ac9   Thumb Code   112  stm32f4xx_tim.o(i.TIM_OC4Init)
    TIM_OC4PreloadConfig                     0x08002b41   Thumb Code    26  stm32f4xx_tim.o(i.TIM_OC4PreloadConfig)
    TIM_TimeBaseInit                         0x08002b5d   Thumb Code   104  stm32f4xx_tim.o(i.TIM_TimeBaseInit)
    Time2_Init                               0x08002be1   Thumb Code    94  time.o(i.Time2_Init)
    UART4_IRQHandler                         0x08002c41   Thumb Code    44  stm32f4xx_it.o(i.UART4_IRQHandler)
    USART1_Config                            0x08002c75   Thumb Code   116  usart.o(i.USART1_Config)
    USART1_GPIO_Config                       0x08002ced   Thumb Code    56  usart.o(i.USART1_GPIO_Config)
    USART1_IRQHandler                        0x08002d29   Thumb Code    42  stm32f4xx_it.o(i.USART1_IRQHandler)
    USART1_SendByByter                       0x08002d59   Thumb Code    36  usart.o(i.USART1_SendByByter)
    USART2_Config                            0x08002d81   Thumb Code   114  usart.o(i.USART2_Config)
    USART2_GPIO_Config                       0x08002df9   Thumb Code    54  usart.o(i.USART2_GPIO_Config)
    USART2_IRQHandler                        0x08002e35   Thumb Code    42  stm32f4xx_it.o(i.USART2_IRQHandler)
    USART2_SendByByter                       0x08002e65   Thumb Code    36  usart.o(i.USART2_SendByByter)
    USART_ClearITPendingBit                  0x08002e8d   Thumb Code    30  stm32f4xx_usart.o(i.USART_ClearITPendingBit)
    USART_Cmd                                0x08002eab   Thumb Code    24  stm32f4xx_usart.o(i.USART_Cmd)
    USART_GetFlagStatus                      0x08002ec3   Thumb Code    26  stm32f4xx_usart.o(i.USART_GetFlagStatus)
    USART_GetITStatus                        0x08002edd   Thumb Code    84  stm32f4xx_usart.o(i.USART_GetITStatus)
    USART_ITConfig                           0x08002f31   Thumb Code    74  stm32f4xx_usart.o(i.USART_ITConfig)
    USART_Init                               0x08002f7d   Thumb Code   204  stm32f4xx_usart.o(i.USART_Init)
    USART_ReceiveData                        0x08003051   Thumb Code    10  stm32f4xx_usart.o(i.USART_ReceiveData)
    USART_SendData                           0x0800305b   Thumb Code     8  stm32f4xx_usart.o(i.USART_SendData)
    UnpackData                               0x08003065   Thumb Code   104  deal_datapacket.o(i.UnpackData)
    Usart1_Send                              0x080030dd   Thumb Code    28  usart.o(i.Usart1_Send)
    Usart2_Send                              0x080030f9   Thumb Code    28  usart.o(i.Usart2_Send)
    WR_Init                                  0x08003115   Thumb Code    48  init.o(i.WR_Init)
    _I2C_IsBusy                              0x08003149   Thumb Code    60  i2c.o(i._I2C_IsBusy)
    __0printf$8                              0x08003189   Thumb Code    22  printf8.o(i.__0printf$8)
    __1printf$8                              0x08003189   Thumb Code     0  printf8.o(i.__0printf$8)
    __2printf                                0x08003189   Thumb Code     0  printf8.o(i.__0printf$8)
    __ARM_fpclassify                         0x080031a9   Thumb Code    48  fpclassify.o(i.__ARM_fpclassify)
    __hardfp_asin                            0x080031d9   Thumb Code   770  asin.o(i.__hardfp_asin)
    __hardfp_atan                            0x08003539   Thumb Code   622  atan.o(i.__hardfp_atan)
    __hardfp_atan2                           0x08003811   Thumb Code   432  atan2.o(i.__hardfp_atan2)
    __kernel_poly                            0x08003a01   Thumb Code   248  poly.o(i.__kernel_poly)
    __mathlib_dbl_infnan                     0x08003af9   Thumb Code    20  dunder.o(i.__mathlib_dbl_infnan)
    __mathlib_dbl_infnan2                    0x08003b0d   Thumb Code    20  dunder.o(i.__mathlib_dbl_infnan2)
    __mathlib_dbl_invalid                    0x08003b21   Thumb Code    24  dunder.o(i.__mathlib_dbl_invalid)
    __mathlib_dbl_underflow                  0x08003b41   Thumb Code    24  dunder.o(i.__mathlib_dbl_underflow)
    __scatterload_copy                       0x08003b61   Thumb Code    14  handlers.o(i.__scatterload_copy)
    __scatterload_null                       0x08003b6f   Thumb Code     2  handlers.o(i.__scatterload_null)
    __scatterload_zeroinit                   0x08003b71   Thumb Code    14  handlers.o(i.__scatterload_zeroinit)
    __set_errno                              0x08003b81   Thumb Code     6  errno.o(i.__set_errno)
    atan                                     0x080040b1   Thumb Code    16  atan.o(i.atan)
    delay_ms                                 0x08004125   Thumb Code    64  systick.o(i.delay_ms)
    delay_us                                 0x08004165   Thumb Code    58  systick.o(i.delay_us)
    dmp_enable_6x_lp_quat                    0x0800419f   Thumb Code    60  inv_mpu_dmp_motion_driver.o(i.dmp_enable_6x_lp_quat)
    dmp_enable_feature                       0x080041dd   Thumb Code   530  inv_mpu_dmp_motion_driver.o(i.dmp_enable_feature)
    dmp_enable_gyro_cal                      0x080043f9   Thumb Code    62  inv_mpu_dmp_motion_driver.o(i.dmp_enable_gyro_cal)
    dmp_enable_lp_quat                       0x08004451   Thumb Code    60  inv_mpu_dmp_motion_driver.o(i.dmp_enable_lp_quat)
    dmp_getdata                              0x0800448d   Thumb Code   708  mpu_dmp_api.o(i.dmp_getdata)
    dmp_load_motion_driver_firmware          0x08004795   Thumb Code    20  inv_mpu_dmp_motion_driver.o(i.dmp_load_motion_driver_firmware)
    dmp_read_fifo                            0x080047ad   Thumb Code   456  inv_mpu_dmp_motion_driver.o(i.dmp_read_fifo)
    dmp_set_accel_bias                       0x08004979   Thumb Code   300  inv_mpu_dmp_motion_driver.o(i.dmp_set_accel_bias)
    dmp_set_fifo_rate                        0x08004aa9   Thumb Code    96  inv_mpu_dmp_motion_driver.o(i.dmp_set_fifo_rate)
    dmp_set_gyro_bias                        0x08004b19   Thumb Code   294  inv_mpu_dmp_motion_driver.o(i.dmp_set_gyro_bias)
    dmp_set_orientation                      0x08004c49   Thumb Code   290  inv_mpu_dmp_motion_driver.o(i.dmp_set_orientation)
    dmp_set_shake_reject_thresh              0x08004d81   Thumb Code    56  inv_mpu_dmp_motion_driver.o(i.dmp_set_shake_reject_thresh)
    dmp_set_shake_reject_time                0x08004db9   Thumb Code    38  inv_mpu_dmp_motion_driver.o(i.dmp_set_shake_reject_time)
    dmp_set_shake_reject_timeout             0x08004ddf   Thumb Code    38  inv_mpu_dmp_motion_driver.o(i.dmp_set_shake_reject_timeout)
    dmp_set_tap_axes                         0x08004e05   Thumb Code    70  inv_mpu_dmp_motion_driver.o(i.dmp_set_tap_axes)
    dmp_set_tap_count                        0x08004e4b   Thumb Code    38  inv_mpu_dmp_motion_driver.o(i.dmp_set_tap_count)
    dmp_set_tap_thresh                       0x08004e71   Thumb Code   412  inv_mpu_dmp_motion_driver.o(i.dmp_set_tap_thresh)
    dmp_set_tap_time                         0x08005031   Thumb Code    38  inv_mpu_dmp_motion_driver.o(i.dmp_set_tap_time)
    dmp_set_tap_time_multi                   0x08005057   Thumb Code    38  inv_mpu_dmp_motion_driver.o(i.dmp_set_tap_time_multi)
    errcopy                                  0x0800507d   Thumb Code    24  deal_datapacket.o(i.errcopy)
    fabs                                     0x08005095   Thumb Code    24  fabs.o(i.fabs)
    fputc                                    0x080050ad   Thumb Code    32  usart.o(i.fputc)
    get_ms                                   0x080051a1   Thumb Code     2  inv_mpu.o(i.get_ms)
    gyro_data_ready_cb                       0x08005615   Thumb Code     8  mpu_dmp_api.o(i.gyro_data_ready_cb)
    importData                               0x0800573d   Thumb Code   136  deal_datapacket.o(i.importData)
    inv_orientation_matrix_to_scalar         0x080057d9   Thumb Code    40  mpu_dmp_api.o(i.inv_orientation_matrix_to_scalar)
    inv_row_2_scale                          0x08005801   Thumb Code    78  mpu_dmp_api.o(i.inv_row_2_scale)
    main                                     0x0800584f   Thumb Code    12  main.o(i.main)
    mpu_configure_fifo                       0x0800585d   Thumb Code   106  inv_mpu.o(i.mpu_configure_fifo)
    mpu_dmp_init                             0x080058cd   Thumb Code   144  mpu_dmp_api.o(i.mpu_dmp_init)
    mpu_get_accel_fsr                        0x08005965   Thumb Code    72  inv_mpu.o(i.mpu_get_accel_fsr)
    mpu_get_accel_sens                       0x080059b1   Thumb Code    78  inv_mpu.o(i.mpu_get_accel_sens)
    mpu_get_fifo_config                      0x08005a05   Thumb Code    12  inv_mpu.o(i.mpu_get_fifo_config)
    mpu_get_gyro_fsr                         0x08005a15   Thumb Code    64  inv_mpu.o(i.mpu_get_gyro_fsr)
    mpu_get_gyro_sens                        0x08005a59   Thumb Code    74  inv_mpu.o(i.mpu_get_gyro_sens)
    mpu_get_lpf                              0x08005ab9   Thumb Code    74  inv_mpu.o(i.mpu_get_lpf)
    mpu_get_sample_rate                      0x08005b09   Thumb Code    26  inv_mpu.o(i.mpu_get_sample_rate)
    mpu_init                                 0x08005b29   Thumb Code   416  inv_mpu.o(i.mpu_init)
    mpu_load_firmware                        0x08005d19   Thumb Code   180  inv_mpu.o(i.mpu_load_firmware)
    mpu_lp_accel_mode                        0x08005dd1   Thumb Code   218  inv_mpu.o(i.mpu_lp_accel_mode)
    mpu_read_fifo                            0x08005eb1   Thumb Code   500  inv_mpu.o(i.mpu_read_fifo)
    mpu_read_fifo_stream                     0x080060a9   Thumb Code   186  inv_mpu.o(i.mpu_read_fifo_stream)
    mpu_read_mem                             0x08006169   Thumb Code   122  inv_mpu.o(i.mpu_read_mem)
    mpu_reset_fifo                           0x080061e9   Thumb Code   450  inv_mpu.o(i.mpu_reset_fifo)
    mpu_run_self_test                        0x080063b1   Thumb Code   278  inv_mpu.o(i.mpu_run_self_test)
    mpu_set_accel_fsr                        0x080064cd   Thumb Code   126  inv_mpu.o(i.mpu_set_accel_fsr)
    mpu_set_bypass                           0x08006551   Thumb Code   328  inv_mpu.o(i.mpu_set_bypass)
    mpu_set_dmp_state                        0x0800669d   Thumb Code   138  inv_mpu.o(i.mpu_set_dmp_state)
    mpu_set_gyro_fsr                         0x0800672d   Thumb Code   132  inv_mpu.o(i.mpu_set_gyro_fsr)
    mpu_set_int_latched                      0x080067b5   Thumb Code   102  inv_mpu.o(i.mpu_set_int_latched)
    mpu_set_lpf                              0x08006821   Thumb Code   126  inv_mpu.o(i.mpu_set_lpf)
    mpu_set_sample_rate                      0x080068a5   Thumb Code   152  inv_mpu.o(i.mpu_set_sample_rate)
    mpu_set_sensors                          0x08006941   Thumb Code   202  inv_mpu.o(i.mpu_set_sensors)
    mpu_write_mem                            0x08006a11   Thumb Code   122  inv_mpu.o(i.mpu_write_mem)
    reformat                                 0x08006a91   Thumb Code    62  deal_datapacket.o(i.reformat)
    run_self_test                            0x08006ad9   Thumb Code   154  mpu_dmp_api.o(i.run_self_test)
    sqrt                                     0x08006c05   Thumb Code   110  sqrt.o(i.sqrt)
    reg                                      0x08006c74   Data          30  inv_mpu.o(.constdata)
    hw                                       0x08006c92   Data          12  inv_mpu.o(.constdata)
    test                                     0x08006ca0   Data          40  inv_mpu.o(.constdata)
    __mathlib_zero                           0x080079a8   Data           8  qnan.o(.constdata)
    Region$$Table$$Base                      0x08007a00   Number         0  anon$$obj.o(Region$$Table)
    Region$$Table$$Limit                     0x08007a20   Number         0  anon$$obj.o(Region$$Table)
    Init_Finish                              0x20000010   Data           1  init.o(.data)
    dataPID                                  0x20000014   Data           1  deal_datapacket.o(.data)
    buttonFlag                               0x20000015   Data           1  deal_datapacket.o(.data)
    remoteControl                            0x20000016   Data           8  deal_datapacket.o(.data)
    send_dataPID                             0x2000001e   Data           1  deal_datapacket.o(.data)
    err_cnt                                  0x20000020   Data           4  deal_datapacket.o(.data)
    rxcnt                                    0x20000024   Data           1  deal_datapacket.o(.data)
    RcvStatus                                0x20000025   Data           1  deal_datapacket.o(.data)
    Lock_State                               0x20000028   Data           1  control.o(.data)
    moto_pwm                                 0x2000002a   Data           8  control.o(.data)
    gyro_X                                   0x20000032   Data           2  control.o(.data)
    gyro_Y                                   0x20000034   Data           2  control.o(.data)
    gyro_Z                                   0x20000036   Data           2  control.o(.data)
    Pitch_i                                  0x20000038   Data           4  control.o(.data)
    Roll_i                                   0x2000003c   Data           4  control.o(.data)
    Yaw_i                                    0x20000040   Data           4  control.o(.data)
    Pitch_old                                0x20000044   Data           4  control.o(.data)
    Roll_old                                 0x20000048   Data           4  control.o(.data)
    Yaw_old                                  0x2000004c   Data           4  control.o(.data)
    Pitch_d                                  0x20000050   Data           4  control.o(.data)
    Roll_d                                   0x20000054   Data           4  control.o(.data)
    Yaw_d                                    0x20000058   Data           4  control.o(.data)
    RC_Pitch                                 0x2000005c   Data           4  control.o(.data)
    RC_Roll                                  0x20000060   Data           4  control.o(.data)
    RC_Yaw                                   0x20000064   Data           4  control.o(.data)
    Pitch_shell_out                          0x20000068   Data           4  control.o(.data)
    Roll_shell_out                           0x2000006c   Data           4  control.o(.data)
    Yaw_shell_out                            0x20000070   Data           4  control.o(.data)
    Pitch_shell_kp                           0x20000074   Data           4  control.o(.data)
    Pitch_shell_ki                           0x20000078   Data           4  control.o(.data)
    Pitch_shell_kd                           0x2000007c   Data           4  control.o(.data)
    Roll_shell_kp                            0x20000080   Data           4  control.o(.data)
    Roll_shell_ki                            0x20000084   Data           4  control.o(.data)
    Roll_shell_kd                            0x20000088   Data           4  control.o(.data)
    Yaw_shell_kp                             0x2000008c   Data           4  control.o(.data)
    Yaw_shell_ki                             0x20000090   Data           4  control.o(.data)
    Yaw_shell_kd                             0x20000094   Data           4  control.o(.data)
    Gyro_radian_old_x                        0x20000098   Data           4  control.o(.data)
    Gyro_radian_old_y                        0x2000009c   Data           4  control.o(.data)
    Gyro_radian_old_z                        0x200000a0   Data           4  control.o(.data)
    e_I_Y                                    0x200000a4   Data           4  control.o(.data)
    e_I_X                                    0x200000a8   Data           4  control.o(.data)
    e_I_Z                                    0x200000ac   Data           4  control.o(.data)
    e_X                                      0x200000b0   Data           4  control.o(.data)
    e_Y                                      0x200000b4   Data           4  control.o(.data)
    e_Z                                      0x200000b8   Data           4  control.o(.data)
    pitch_core_kp_out                        0x200000bc   Data           4  control.o(.data)
    pitch_core_ki_out                        0x200000c0   Data           4  control.o(.data)
    pitch_core_kd_out                        0x200000c4   Data           4  control.o(.data)
    Roll_core_kp_out                         0x200000c8   Data           4  control.o(.data)
    Roll_core_ki_out                         0x200000cc   Data           4  control.o(.data)
    Roll_core_kd_out                         0x200000d0   Data           4  control.o(.data)
    Yaw_core_kp_out                          0x200000d4   Data           4  control.o(.data)
    Yaw_core_ki_out                          0x200000d8   Data           4  control.o(.data)
    Yaw_core_kd_out                          0x200000dc   Data           4  control.o(.data)
    Pitch_core_out                           0x200000e0   Data           4  control.o(.data)
    Roll_core_out                            0x200000e4   Data           4  control.o(.data)
    Yaw_core_out                             0x200000e8   Data           4  control.o(.data)
    Pitch_core_kp                            0x200000ec   Data           4  control.o(.data)
    Pitch_core_ki                            0x200000f0   Data           4  control.o(.data)
    Pitch_core_kd                            0x200000f4   Data           4  control.o(.data)
    Roll_core_kp                             0x200000f8   Data           4  control.o(.data)
    Roll_core_ki                             0x200000fc   Data           4  control.o(.data)
    Roll_core_kd                             0x20000100   Data           4  control.o(.data)
    Yaw_core_kp                              0x20000104   Data           4  control.o(.data)
    Yaw_core_ki                              0x20000108   Data           4  control.o(.data)
    Yaw_core_kd                              0x2000010c   Data           4  control.o(.data)
    dataPID_Last                             0x20000110   Data           1  control.o(.data)
    rx_new                                   0x20000150   Data           1  mpu_dmp_api.o(.data)
    sensor_timestamp                         0x2000015c   Data           4  mpu_dmp_api.o(.data)
    gyro                                     0x20000160   Data           6  mpu_dmp_api.o(.data)
    accel                                    0x20000166   Data           6  mpu_dmp_api.o(.data)
    sensors                                  0x2000016c   Data           2  mpu_dmp_api.o(.data)
    more                                     0x2000016e   Data           1  mpu_dmp_api.o(.data)
    q0                                       0x20000170   Data           4  mpu_dmp_api.o(.data)
    q1                                       0x20000174   Data           4  mpu_dmp_api.o(.data)
    q2                                       0x20000178   Data           4  mpu_dmp_api.o(.data)
    q3                                       0x2000017c   Data           4  mpu_dmp_api.o(.data)
    pitch                                    0x20000180   Data           4  mpu_dmp_api.o(.data)
    roll                                     0x20000184   Data           4  mpu_dmp_api.o(.data)
    yaw                                      0x20000188   Data           4  mpu_dmp_api.o(.data)
    __stdout                                 0x2000018c   Data           4  stdout.o(.data)
    rxbuf                                    0x20000194   Data          12  usart.o(.bss)
    loop                                     0x200001a0   Data          14  scheduler.o(.bss)
    packetData                               0x200001ae   Data          10  deal_datapacket.o(.bss)
    errbufs                                  0x200001b8   Data         360  deal_datapacket.o(.bss)
    f                                        0x20000330   Data          15  ano_dt.o(.bss)
    data_to_send                             0x2000033f   Data          50  ano_dt.o(.bss)
    quat                                     0x200003b4   Data          16  mpu_dmp_api.o(.bss)
    __initial_sp                             0x200007c8   Data           0  startup_stm32f40xx.o(STACK)



==============================================================================

Memory Map of the image

  Image Entry point : 0x08000189

  Load Region LR_IROM1 (Base: 0x08000000, Size: 0x00007bb4, Max: 0x00100000, ABSOLUTE, COMPRESSED[0x00007a50])

    Execution Region ER_IROM1 (Base: 0x08000000, Size: 0x00007a20, Max: 0x00100000, ABSOLUTE)

    Base Addr    Size         Type   Attr      Idx    E Section Name        Object

    0x08000000   0x00000188   Data   RO            3    RESET               startup_stm32f40xx.o
    0x08000188   0x00000000   Code   RO         6704  * .ARM.Collect$$$$00000000  mc_w.l(entry.o)
    0x08000188   0x00000004   Code   RO         7039    .ARM.Collect$$$$00000001  mc_w.l(entry2.o)
    0x0800018c   0x00000004   Code   RO         7042    .ARM.Collect$$$$00000004  mc_w.l(entry5.o)
    0x08000190   0x00000000   Code   RO         7044    .ARM.Collect$$$$00000008  mc_w.l(entry7b.o)
    0x08000190   0x00000000   Code   RO         7046    .ARM.Collect$$$$0000000A  mc_w.l(entry8b.o)
    0x08000190   0x00000008   Code   RO         7047    .ARM.Collect$$$$0000000B  mc_w.l(entry9a.o)
    0x08000198   0x00000000   Code   RO         7049    .ARM.Collect$$$$0000000D  mc_w.l(entry10a.o)
    0x08000198   0x00000000   Code   RO         7051    .ARM.Collect$$$$0000000F  mc_w.l(entry11a.o)
    0x08000198   0x00000004   Code   RO         7040    .ARM.Collect$$$$00002712  mc_w.l(entry2.o)
    0x0800019c   0x00000024   Code   RO            4    .text               startup_stm32f40xx.o
    0x080001c0   0x00000062   Code   RO         6707    .text               mc_w.l(ldiv.o)
    0x08000222   0x00000024   Code   RO         6709    .text               mc_w.l(memseta.o)
    0x08000246   0x0000001a   Code   RO         6711    .text               mc_w.l(memcmp.o)
    0x08000260   0x0000014e   Code   RO         6974    .text               mf_w.l(dadd.o)
    0x080003ae   0x000000e4   Code   RO         6976    .text               mf_w.l(dmul.o)
    0x08000492   0x000000de   Code   RO         6978    .text               mf_w.l(ddiv.o)
    0x08000570   0x00000022   Code   RO         6980    .text               mf_w.l(dflti.o)
    0x08000592   0x0000003e   Code   RO         6982    .text               mf_w.l(dfixi.o)
    0x080005d0   0x00000026   Code   RO         6984    .text               mf_w.l(f2d.o)
    0x080005f6   0x00000038   Code   RO         6986    .text               mf_w.l(d2f.o)
    0x0800062e   0x00000062   Code   RO         7056    .text               mc_w.l(uldiv.o)
    0x08000690   0x0000001e   Code   RO         7058    .text               mc_w.l(llshl.o)
    0x080006ae   0x00000020   Code   RO         7060    .text               mc_w.l(llushr.o)
    0x080006ce   0x00000024   Code   RO         7062    .text               mc_w.l(llsshr.o)
    0x080006f2   0x00000000   Code   RO         7071    .text               mc_w.l(iusefp.o)
    0x080006f2   0x0000006e   Code   RO         7072    .text               mf_w.l(fepilogue.o)
    0x08000760   0x000000ba   Code   RO         7074    .text               mf_w.l(depilogue.o)
    0x0800081a   0x00000002   PAD
    0x0800081c   0x00000024   Code   RO         7082    .text               mc_w.l(init.o)
    0x08000840   0x000000a2   Code   RO         7084    .text               mf_w.l(dsqrt.o)
    0x080008e2   0x00000056   Code   RO         7096    .text               mc_w.l(__dczerorl2.o)
    0x08000938   0x000003e4   Code   RO         6533    i.ANO_DT_Data_Receive_Anl  ano_dt.o
    0x08000d1c   0x000000e8   Code   RO         6534    i.ANO_DT_Data_Receive_Prepare  ano_dt.o
    0x08000e04   0x00000044   Code   RO         6535    i.ANO_DT_Send_Check  ano_dt.o
    0x08000e48   0x00000010   Code   RO         6536    i.ANO_DT_Send_Data  ano_dt.o
    0x08000e58   0x0000012c   Code   RO         6537    i.ANO_DT_Send_MotoPWM  ano_dt.o
    0x08000f84   0x0000023c   Code   RO         6538    i.ANO_DT_Send_PID   ano_dt.o
    0x080011c0   0x00000158   Code   RO         6539    i.ANO_DT_Send_Status  ano_dt.o
    0x08001318   0x0000031c   Code   RO         5958    i.CTRL_angular_velocity  control.o
    0x08001634   0x0000005c   Code   RO         5750    i.Call_Loop_timer   scheduler.o
    0x08001690   0x00000026   Code   RO         5896    i.CheckSum          deal_datapacket.o
    0x080016b6   0x00000002   PAD
    0x080016b8   0x00000084   Code   RO         5960    i.Control_test      control.o
    0x0800173c   0x000001d0   Code   RO         6540    i.Data_transfer     ano_dt.o
    0x0800190c   0x00000100   Code   RO         5961    i.DealPwm           control.o
    0x08001a0c   0x00000038   Code   RO         5962    i.Direction_Control  control.o
    0x08001a44   0x00000002   Code   RO         5751    i.Duty_10ms         scheduler.o
    0x08001a46   0x00000008   Code   RO         5752    i.Duty_1ms          scheduler.o
    0x08001a4e   0x00000002   Code   RO         5753    i.Duty_20ms         scheduler.o
    0x08001a50   0x00000014   Code   RO         5754    i.Duty_2ms          scheduler.o
    0x08001a64   0x00000020   Code   RO         5755    i.Duty_500ms        scheduler.o
    0x08001a84   0x00000002   Code   RO         5756    i.Duty_50ms         scheduler.o
    0x08001a86   0x0000000c   Code   RO         5757    i.Duty_5ms          scheduler.o
    0x08001a92   0x00000012   Code   RO          155    i.EXTI9_5_IRQHandler  stm32f4xx_it.o
    0x08001aa4   0x0000000c   Code   RO         1597    i.EXTI_ClearITPendingBit  stm32f4xx_exti.o
    0x08001ab0   0x00000018   Code   RO         1601    i.EXTI_GetITStatus  stm32f4xx_exti.o
    0x08001ac8   0x00000090   Code   RO         2110    i.GPIO_Init         stm32f4xx_gpio.o
    0x08001b58   0x00000046   Code   RO         2111    i.GPIO_PinAFConfig  stm32f4xx_gpio.o
    0x08001b9e   0x00000004   Code   RO         2118    i.GPIO_SetBits      stm32f4xx_gpio.o
    0x08001ba2   0x00000002   PAD
    0x08001ba4   0x00000044   Code   RO         5560    i.GetAck            i2c.o
    0x08001be8   0x000000a0   Code   RO         5963    i.Get_Angle         control.o
    0x08001c88   0x00000058   Code   RO         5561    i.I2C_Config        i2c.o
    0x08001ce0   0x00000078   Code   RO         5563    i.I2C_ReadSomeDataFromSlave  i2c.o
    0x08001d58   0x0000005c   Code   RO         5564    i.I2C_ReadyByte     i2c.o
    0x08001db4   0x000000a4   Code   RO         5565    i.I2C_WriteByte     i2c.o
    0x08001e58   0x00000060   Code   RO         5567    i.I2C_WriteSomeDataToSlave  i2c.o
    0x08001eb8   0x00000014   Code   RO         5444    i.LED_Connect_Fail  led.o
    0x08001ecc   0x00000050   Code   RO         5445    i.LED_Init          led.o
    0x08001f1c   0x00000014   Code   RO         5446    i.LED_Locked        led.o
    0x08001f30   0x00000014   Code   RO         5447    i.LED_Unlocked      led.o
    0x08001f44   0x00000010   Code   RO         5448    i.LED_Verify_Success  led.o
    0x08001f54   0x00000010   Code   RO         5449    i.LED_Verify_Unsuccess  led.o
    0x08001f64   0x00000094   Code   RO         5758    i.Main_Loop         scheduler.o
    0x08001ff8   0x00000044   Code   RO         5503    i.Moto_PwmRflash    motor.o
    0x0800203c   0x00000130   Code   RO         5504    i.Motor_Init        motor.o
    0x0800216c   0x00000078   Code   RO          235    i.NVIC_Init         misc.o
    0x080021e4   0x00000014   Code   RO          236    i.NVIC_PriorityGroupConfig  misc.o
    0x080021f8   0x00000068   Code   RO         5897    i.PackData          deal_datapacket.o
    0x08002260   0x00000020   Code   RO         3036    i.RCC_AHB1PeriphClockCmd  stm32f4xx_rcc.o
    0x08002280   0x00000020   Code   RO         3045    i.RCC_APB1PeriphClockCmd  stm32f4xx_rcc.o
    0x080022a0   0x00000020   Code   RO         3048    i.RCC_APB2PeriphClockCmd  stm32f4xx_rcc.o
    0x080022c0   0x000000e8   Code   RO         3057    i.RCC_GetClocksFreq  stm32f4xx_rcc.o
    0x080023a8   0x0000004c   Code   RO         6607    i.SYSTEM_Reset      mpu_dmp_api.o
    0x080023f4   0x00000088   Code   RO         5568    i.SetAck            i2c.o
    0x0800247c   0x000000ec   Code   RO           13    i.SetSysClock       system_stm32f4xx.o
    0x08002568   0x00000158   Code   RO         5964    i.Set_Pwm           control.o
    0x080026c0   0x00000070   Code   RO         5569    i.Start             i2c.o
    0x08002730   0x00000058   Code   RO         5570    i.Stop              i2c.o
    0x08002788   0x00000068   Code   RO           15    i.SystemInit        system_stm32f4xx.o
    0x080027f0   0x0000002c   Code   RO          156    i.TIM2_IRQHandler   stm32f4xx_it.o
    0x0800281c   0x00000018   Code   RO         4420    i.TIM_ARRPreloadConfig  stm32f4xx_tim.o
    0x08002834   0x00000020   Code   RO         4421    i.TIM_BDTRConfig    stm32f4xx_tim.o
    0x08002854   0x00000006   Code   RO         4427    i.TIM_ClearITPendingBit  stm32f4xx_tim.o
    0x0800285a   0x00000018   Code   RO         4432    i.TIM_Cmd           stm32f4xx_tim.o
    0x08002872   0x0000001e   Code   RO         4434    i.TIM_CtrlPWMOutputs  stm32f4xx_tim.o
    0x08002890   0x00000022   Code   RO         4453    i.TIM_GetITStatus   stm32f4xx_tim.o
    0x080028b2   0x00000012   Code   RO         4457    i.TIM_ITConfig      stm32f4xx_tim.o
    0x080028c4   0x0000007c   Code   RO         4461    i.TIM_OC1Init       stm32f4xx_tim.o
    0x08002940   0x00000012   Code   RO         4464    i.TIM_OC1PreloadConfig  stm32f4xx_tim.o
    0x08002952   0x00000002   PAD
    0x08002954   0x000000a4   Code   RO         4466    i.TIM_OC2Init       stm32f4xx_tim.o
    0x080029f8   0x0000001a   Code   RO         4469    i.TIM_OC2PreloadConfig  stm32f4xx_tim.o
    0x08002a12   0x00000002   PAD
    0x08002a14   0x000000a0   Code   RO         4471    i.TIM_OC3Init       stm32f4xx_tim.o
    0x08002ab4   0x00000012   Code   RO         4474    i.TIM_OC3PreloadConfig  stm32f4xx_tim.o
    0x08002ac6   0x00000002   PAD
    0x08002ac8   0x00000078   Code   RO         4476    i.TIM_OC4Init       stm32f4xx_tim.o
    0x08002b40   0x0000001a   Code   RO         4478    i.TIM_OC4PreloadConfig  stm32f4xx_tim.o
    0x08002b5a   0x00000002   PAD
    0x08002b5c   0x00000084   Code   RO         4504    i.TIM_TimeBaseInit  stm32f4xx_tim.o
    0x08002be0   0x0000005e   Code   RO         5536    i.Time2_Init        time.o
    0x08002c3e   0x00000002   PAD
    0x08002c40   0x00000034   Code   RO          157    i.UART4_IRQHandler  stm32f4xx_it.o
    0x08002c74   0x00000078   Code   RO         5295    i.USART1_Config     usart.o
    0x08002cec   0x0000003c   Code   RO         5296    i.USART1_GPIO_Config  usart.o
    0x08002d28   0x00000030   Code   RO          158    i.USART1_IRQHandler  stm32f4xx_it.o
    0x08002d58   0x00000028   Code   RO         5297    i.USART1_SendByByter  usart.o
    0x08002d80   0x00000078   Code   RO         5298    i.USART2_Config     usart.o
    0x08002df8   0x0000003c   Code   RO         5299    i.USART2_GPIO_Config  usart.o
    0x08002e34   0x00000030   Code   RO          159    i.USART2_IRQHandler  stm32f4xx_it.o
    0x08002e64   0x00000028   Code   RO         5300    i.USART2_SendByByter  usart.o
    0x08002e8c   0x0000001e   Code   RO         4983    i.USART_ClearITPendingBit  stm32f4xx_usart.o
    0x08002eaa   0x00000018   Code   RO         4986    i.USART_Cmd         stm32f4xx_usart.o
    0x08002ec2   0x0000001a   Code   RO         4989    i.USART_GetFlagStatus  stm32f4xx_usart.o
    0x08002edc   0x00000054   Code   RO         4990    i.USART_GetITStatus  stm32f4xx_usart.o
    0x08002f30   0x0000004a   Code   RO         4992    i.USART_ITConfig    stm32f4xx_usart.o
    0x08002f7a   0x00000002   PAD
    0x08002f7c   0x000000d4   Code   RO         4993    i.USART_Init        stm32f4xx_usart.o
    0x08003050   0x0000000a   Code   RO         5000    i.USART_ReceiveData  stm32f4xx_usart.o
    0x0800305a   0x00000008   Code   RO         5003    i.USART_SendData    stm32f4xx_usart.o
    0x08003062   0x00000002   PAD
    0x08003064   0x00000078   Code   RO         5898    i.UnpackData        deal_datapacket.o
    0x080030dc   0x0000001c   Code   RO         5303    i.Usart1_Send       usart.o
    0x080030f8   0x0000001c   Code   RO         5304    i.Usart2_Send       usart.o
    0x08003114   0x00000034   Code   RO         5413    i.WR_Init           init.o
    0x08003148   0x00000040   Code   RO         5571    i._I2C_IsBusy       i2c.o
    0x08003188   0x00000020   Code   RO         6920    i.__0printf$8       mc_w.l(printf8.o)
    0x080031a8   0x00000030   Code   RO         7022    i.__ARM_fpclassify  m_wm.l(fpclassify.o)
    0x080031d8   0x00000360   Code   RO         6678    i.__hardfp_asin     m_wm.l(asin.o)
    0x08003538   0x000002d8   Code   RO         6988    i.__hardfp_atan     m_wm.l(atan.o)
    0x08003810   0x000001f0   Code   RO         6692    i.__hardfp_atan2    m_wm.l(atan2.o)
    0x08003a00   0x000000f8   Code   RO         7024    i.__kernel_poly     m_wm.l(poly.o)
    0x08003af8   0x00000014   Code   RO         7003    i.__mathlib_dbl_infnan  m_wm.l(dunder.o)
    0x08003b0c   0x00000014   Code   RO         7004    i.__mathlib_dbl_infnan2  m_wm.l(dunder.o)
    0x08003b20   0x00000020   Code   RO         7005    i.__mathlib_dbl_invalid  m_wm.l(dunder.o)
    0x08003b40   0x00000020   Code   RO         7008    i.__mathlib_dbl_underflow  m_wm.l(dunder.o)
    0x08003b60   0x0000000e   Code   RO         7090    i.__scatterload_copy  mc_w.l(handlers.o)
    0x08003b6e   0x00000002   Code   RO         7091    i.__scatterload_null  mc_w.l(handlers.o)
    0x08003b70   0x0000000e   Code   RO         7092    i.__scatterload_zeroinit  mc_w.l(handlers.o)
    0x08003b7e   0x00000002   PAD
    0x08003b80   0x0000000c   Code   RO         7066    i.__set_errno       mc_w.l(errno.o)
    0x08003b8c   0x00000410   Code   RO         6927    i._printf_core      mc_w.l(printf8.o)
    0x08003f9c   0x00000024   Code   RO         6928    i._printf_post_padding  mc_w.l(printf8.o)
    0x08003fc0   0x0000002e   Code   RO         6929    i._printf_pre_padding  mc_w.l(printf8.o)
    0x08003fee   0x00000002   PAD
    0x08003ff0   0x000000c0   Code   RO         6022    i.accel_self_test   inv_mpu.o
    0x080040b0   0x00000010   Code   RO         6990    i.atan              m_wm.l(atan.o)
    0x080040c0   0x00000064   Code   RO         6332    i.decode_gesture    inv_mpu_dmp_motion_driver.o
    0x08004124   0x00000040   Code   RO         5383    i.delay_ms          systick.o
    0x08004164   0x0000003a   Code   RO         5384    i.delay_us          systick.o
    0x0800419e   0x0000003c   Code   RO         6333    i.dmp_enable_6x_lp_quat  inv_mpu_dmp_motion_driver.o
    0x080041da   0x00000002   PAD
    0x080041dc   0x0000021c   Code   RO         6334    i.dmp_enable_feature  inv_mpu_dmp_motion_driver.o
    0x080043f8   0x00000058   Code   RO         6335    i.dmp_enable_gyro_cal  inv_mpu_dmp_motion_driver.o
    0x08004450   0x0000003c   Code   RO         6336    i.dmp_enable_lp_quat  inv_mpu_dmp_motion_driver.o
    0x0800448c   0x00000308   Code   RO         6608    i.dmp_getdata       mpu_dmp_api.o
    0x08004794   0x00000018   Code   RO         6341    i.dmp_load_motion_driver_firmware  inv_mpu_dmp_motion_driver.o
    0x080047ac   0x000001cc   Code   RO         6342    i.dmp_read_fifo     inv_mpu_dmp_motion_driver.o
    0x08004978   0x00000130   Code   RO         6345    i.dmp_set_accel_bias  inv_mpu_dmp_motion_driver.o
    0x08004aa8   0x00000070   Code   RO         6346    i.dmp_set_fifo_rate  inv_mpu_dmp_motion_driver.o
    0x08004b18   0x00000130   Code   RO         6347    i.dmp_set_gyro_bias  inv_mpu_dmp_motion_driver.o
    0x08004c48   0x00000138   Code   RO         6349    i.dmp_set_orientation  inv_mpu_dmp_motion_driver.o
    0x08004d80   0x00000038   Code   RO         6352    i.dmp_set_shake_reject_thresh  inv_mpu_dmp_motion_driver.o
    0x08004db8   0x00000026   Code   RO         6353    i.dmp_set_shake_reject_time  inv_mpu_dmp_motion_driver.o
    0x08004dde   0x00000026   Code   RO         6354    i.dmp_set_shake_reject_timeout  inv_mpu_dmp_motion_driver.o
    0x08004e04   0x00000046   Code   RO         6355    i.dmp_set_tap_axes  inv_mpu_dmp_motion_driver.o
    0x08004e4a   0x00000026   Code   RO         6356    i.dmp_set_tap_count  inv_mpu_dmp_motion_driver.o
    0x08004e70   0x000001c0   Code   RO         6357    i.dmp_set_tap_thresh  inv_mpu_dmp_motion_driver.o
    0x08005030   0x00000026   Code   RO         6358    i.dmp_set_tap_time  inv_mpu_dmp_motion_driver.o
    0x08005056   0x00000026   Code   RO         6359    i.dmp_set_tap_time_multi  inv_mpu_dmp_motion_driver.o
    0x0800507c   0x00000018   Code   RO         5899    i.errcopy           deal_datapacket.o
    0x08005094   0x00000018   Code   RO         7018    i.fabs              m_wm.l(fabs.o)
    0x080050ac   0x00000024   Code   RO         5305    i.fputc             usart.o
    0x080050d0   0x000000d0   Code   RO         6023    i.get_accel_prod_shift  inv_mpu.o
    0x080051a0   0x00000002   Code   RO         6024    i.get_ms            inv_mpu.o
    0x080051a2   0x00000002   PAD
    0x080051a4   0x00000470   Code   RO         6025    i.get_st_biases     inv_mpu.o
    0x08005614   0x0000000c   Code   RO         6609    i.gyro_data_ready_cb  mpu_dmp_api.o
    0x08005620   0x0000011c   Code   RO         6026    i.gyro_self_test    inv_mpu.o
    0x0800573c   0x0000009c   Code   RO         5900    i.importData        deal_datapacket.o
    0x080057d8   0x00000028   Code   RO         6610    i.inv_orientation_matrix_to_scalar  mpu_dmp_api.o
    0x08005800   0x0000004e   Code   RO         6611    i.inv_row_2_scale   mpu_dmp_api.o
    0x0800584e   0x0000000c   Code   RO         5240    i.main              main.o
    0x0800585a   0x00000002   PAD
    0x0800585c   0x00000070   Code   RO         6027    i.mpu_configure_fifo  inv_mpu.o
    0x080058cc   0x00000098   Code   RO         6612    i.mpu_dmp_init      mpu_dmp_api.o
    0x08005964   0x0000004c   Code   RO         6028    i.mpu_get_accel_fsr  inv_mpu.o
    0x080059b0   0x00000054   Code   RO         6030    i.mpu_get_accel_sens  inv_mpu.o
    0x08005a04   0x00000010   Code   RO         6035    i.mpu_get_fifo_config  inv_mpu.o
    0x08005a14   0x00000044   Code   RO         6036    i.mpu_get_gyro_fsr  inv_mpu.o
    0x08005a58   0x00000060   Code   RO         6038    i.mpu_get_gyro_sens  inv_mpu.o
    0x08005ab8   0x00000050   Code   RO         6040    i.mpu_get_lpf       inv_mpu.o
    0x08005b08   0x00000020   Code   RO         6042    i.mpu_get_sample_rate  inv_mpu.o
    0x08005b28   0x000001f0   Code   RO         6044    i.mpu_init          inv_mpu.o
    0x08005d18   0x000000b8   Code   RO         6045    i.mpu_load_firmware  inv_mpu.o
    0x08005dd0   0x000000e0   Code   RO         6046    i.mpu_lp_accel_mode  inv_mpu.o
    0x08005eb0   0x000001f8   Code   RO         6048    i.mpu_read_fifo     inv_mpu.o
    0x080060a8   0x000000c0   Code   RO         6049    i.mpu_read_fifo_stream  inv_mpu.o
    0x08006168   0x00000080   Code   RO         6050    i.mpu_read_mem      inv_mpu.o
    0x080061e8   0x000001c8   Code   RO         6053    i.mpu_reset_fifo    inv_mpu.o
    0x080063b0   0x0000011c   Code   RO         6054    i.mpu_run_self_test  inv_mpu.o
    0x080064cc   0x00000084   Code   RO         6056    i.mpu_set_accel_fsr  inv_mpu.o
    0x08006550   0x0000014c   Code   RO         6057    i.mpu_set_bypass    inv_mpu.o
    0x0800669c   0x00000090   Code   RO         6059    i.mpu_set_dmp_state  inv_mpu.o
    0x0800672c   0x00000088   Code   RO         6060    i.mpu_set_gyro_fsr  inv_mpu.o
    0x080067b4   0x0000006c   Code   RO         6061    i.mpu_set_int_latched  inv_mpu.o
    0x08006820   0x00000084   Code   RO         6063    i.mpu_set_lpf       inv_mpu.o
    0x080068a4   0x0000009c   Code   RO         6064    i.mpu_set_sample_rate  inv_mpu.o
    0x08006940   0x000000d0   Code   RO         6065    i.mpu_set_sensors   inv_mpu.o
    0x08006a10   0x00000080   Code   RO         6066    i.mpu_write_mem     inv_mpu.o
    0x08006a90   0x00000048   Code   RO         5901    i.reformat          deal_datapacket.o
    0x08006ad8   0x0000009a   Code   RO         6613    i.run_self_test     mpu_dmp_api.o
    0x08006b72   0x00000002   PAD
    0x08006b74   0x00000090   Code   RO         6067    i.set_int_enable    inv_mpu.o
    0x08006c04   0x0000006e   Code   RO         7029    i.sqrt              m_wm.l(sqrt.o)
    0x08006c72   0x00000002   PAD
    0x08006c74   0x00000054   Data   RO         6068    .constdata          inv_mpu.o
    0x08006cc8   0x00000bf6   Data   RO         6361    .constdata          inv_mpu_dmp_motion_driver.o
    0x080078be   0x00000002   PAD
    0x080078c0   0x00000050   Data   RO         6681    .constdata          m_wm.l(asin.o)
    0x08007910   0x00000098   Data   RO         6991    .constdata          m_wm.l(atan.o)
    0x080079a8   0x00000008   Data   RO         7026    .constdata          m_wm.l(qnan.o)
    0x080079b0   0x0000004d   Data   RO         6069    .conststring        inv_mpu.o
    0x080079fd   0x00000003   PAD
    0x08007a00   0x00000020   Data   RO         7088    Region$$Table       anon$$obj.o


    Execution Region RW_IRAM1 (Base: 0x20000000, Size: 0x000007c8, Max: 0x00020000, ABSOLUTE, COMPRESSED[0x00000030])

    Base Addr    Size         Type   Attr      Idx    E Section Name        Object

    0x20000000   0x00000010   Data   RW         3089    .data               stm32f4xx_rcc.o
    0x20000010   0x00000001   Data   RW         5414    .data               init.o
    0x20000011   0x00000003   PAD
    0x20000014   0x00000012   Data   RW         5903    .data               deal_datapacket.o
    0x20000026   0x00000002   PAD
    0x20000028   0x000000f1   Data   RW         5965    .data               control.o
    0x20000119   0x00000003   PAD
    0x2000011c   0x0000002c   Data   RW         6070    .data               inv_mpu.o
    0x20000148   0x00000007   Data   RW         6542    .data               ano_dt.o
    0x2000014f   0x00000001   PAD
    0x20000150   0x0000003c   Data   RW         6615    .data               mpu_dmp_api.o
    0x2000018c   0x00000004   Data   RW         7053    .data               mc_w.l(stdout.o)
    0x20000190   0x00000004   Data   RW         7067    .data               mc_w.l(errno.o)
    0x20000194   0x0000000c   Zero   RW         5306    .bss                usart.o
    0x200001a0   0x0000000e   Zero   RW         5759    .bss                scheduler.o
    0x200001ae   0x00000172   Zero   RW         5902    .bss                deal_datapacket.o
    0x20000320   0x00000010   Zero   RW         6360    .bss                inv_mpu_dmp_motion_driver.o
    0x20000330   0x00000073   Zero   RW         6541    .bss                ano_dt.o
    0x200003a3   0x00000001   PAD
    0x200003a4   0x00000020   Zero   RW         6614    .bss                mpu_dmp_api.o
    0x200003c4   0x00000004   PAD
    0x200003c8   0x00000400   Zero   RW            1    STACK               startup_stm32f40xx.o


==============================================================================

Image component sizes


      Code (inc. data)   RO Data    RW Data    ZI Data      Debug   Object Name

      2992        234          0          7        115       8966   ano_dt.o
      1744        316          0        241          0       6302   control.o
       514         66          0         18        370       4431   deal_datapacket.o
      1028         34          0          0          0       6219   i2c.o
        52          4          0          1          0        688   init.o
      6474        302        161         44          0      28308   inv_mpu.o
      3128        138       3062          0         16      20578   inv_mpu_dmp_motion_driver.o
       172         26          0          0          0       2730   led.o
        12          0          0          0          0        463   main.o
       140         24          0          0          0       1507   misc.o
       372         16          0          0          0       1462   motor.o
      1288         88          0         60         32      33875   mpu_dmp_api.o
       318         18          0          0         14       4419   scheduler.o
        36          8        392          0       1024        852   startup_stm32f40xx.o
        36         10          0          0          0       1120   stm32f4xx_exti.o
       218          0          0          0          0       2278   stm32f4xx_gpio.o
       210         26          0          0          0       4314   stm32f4xx_it.o
       328         36          0         16          0       4587   stm32f4xx_rcc.o
       956         66          0          0          0      10551   stm32f4xx_tim.o
       468          8          0          0          0       6039   stm32f4xx_usart.o
       340         32          0          0          0     291765   system_stm32f4xx.o
       122          0          0          0          0       1054   systick.o
        94          0          0          0          0        569   time.o
       532         32          0          0         12       5677   usart.o

    ----------------------------------------------------------------------
     21600       1484       3652        396       1588     448754   Object Totals
         0          0         32          0          0          0   (incl. Generated)
        26          0          5          9          5          0   (incl. Padding)

    ----------------------------------------------------------------------

      Code (inc. data)   RO Data    RW Data    ZI Data      Debug   Library Member Name

       864         94         80          0          0        280   asin.o
       744        106        152          0          0        352   atan.o
       496         64          0          0          0        192   atan2.o
       104         16          0          0          0        496   dunder.o
        24          0          0          0          0        124   fabs.o
        48          0          0          0          0        124   fpclassify.o
       248          0          0          0          0        152   poly.o
         0          0          8          0          0          0   qnan.o
       110          0          0          0          0        148   sqrt.o
        86          0          0          0          0          0   __dczerorl2.o
         0          0          0          0          0          0   entry.o
         0          0          0          0          0          0   entry10a.o
         0          0          0          0          0          0   entry11a.o
         8          4          0          0          0          0   entry2.o
         4          0          0          0          0          0   entry5.o
         0          0          0          0          0          0   entry7b.o
         0          0          0          0          0          0   entry8b.o
         8          4          0          0          0          0   entry9a.o
        12          6          0          4          0         68   errno.o
        30          0          0          0          0          0   handlers.o
        36          8          0          0          0         68   init.o
         0          0          0          0          0          0   iusefp.o
        98          0          0          0          0         84   ldiv.o
        30          0          0          0          0         68   llshl.o
        36          0          0          0          0         68   llsshr.o
        32          0          0          0          0         68   llushr.o
        26          0          0          0          0         80   memcmp.o
        36          0          0          0          0        108   memseta.o
      1154         54          0          0          0        352   printf8.o
         0          0          0          4          0          0   stdout.o
        98          0          0          0          0         92   uldiv.o
        56          0          0          0          0         88   d2f.o
       334          0          0          0          0        148   dadd.o
       222          0          0          0          0        100   ddiv.o
       186          0          0          0          0        176   depilogue.o
        62          0          0          0          0         80   dfixi.o
        34          0          0          0          0         76   dflti.o
       228          0          0          0          0         96   dmul.o
       162          0          0          0          0        100   dsqrt.o
        38          0          0          0          0         68   f2d.o
       110          0          0          0          0        168   fepilogue.o

    ----------------------------------------------------------------------
      5772        356        240          8          0       4024   Library Totals
         8          0          0          0          0          0   (incl. Padding)

    ----------------------------------------------------------------------

      Code (inc. data)   RO Data    RW Data    ZI Data      Debug   Library Name

      2638        280        240          0          0       1868   m_wm.l
      1694         76          0          8          0       1056   mc_w.l
      1432          0          0          0          0       1100   mf_w.l

    ----------------------------------------------------------------------
      5772        356        240          8          0       4024   Library Totals

    ----------------------------------------------------------------------

==============================================================================


      Code (inc. data)   RO Data    RW Data    ZI Data      Debug   

     27372       1840       3892        404       1588     435622   Grand Totals
     27372       1840       3892         48       1588     435622   ELF Image Totals (compressed)
     27372       1840       3892         48          0          0   ROM Totals

==============================================================================

    Total RO  Size (Code + RO Data)                31264 (  30.53kB)
    Total RW  Size (RW Data + ZI Data)              1992 (   1.95kB)
    Total ROM Size (Code + RO Data + RW Data)      31312 (  30.58kB)

==============================================================================

